Archive member included to satisfy reference by file (symbol)

C:/Program Files/STM32CubeIDE_1.14.1/STM32CubeIDE/plugins/com.st.stm32cube.ide.mcu.externaltools.gnu-tools-for-stm32.13.3.rel1.win32_1.0.0.202411081344/tools/bin/../lib/gcc/arm-none-eabi/13.3.1/../../../../arm-none-eabi/lib/thumb/v6-m/nofp\libc_nano.a(libc_a-exit.o)
                              C:/Program Files/STM32CubeIDE_1.14.1/STM32CubeIDE/plugins/com.st.stm32cube.ide.mcu.externaltools.gnu-tools-for-stm32.13.3.rel1.win32_1.0.0.202411081344/tools/bin/../lib/gcc/arm-none-eabi/13.3.1/../../../../arm-none-eabi/lib/thumb/v6-m/nofp/crt0.o (exit)
C:/Program Files/STM32CubeIDE_1.14.1/STM32CubeIDE/plugins/com.st.stm32cube.ide.mcu.externaltools.gnu-tools-for-stm32.13.3.rel1.win32_1.0.0.202411081344/tools/bin/../lib/gcc/arm-none-eabi/13.3.1/../../../../arm-none-eabi/lib/thumb/v6-m/nofp\libc_nano.a(libc_a-nano-vfprintf_float.o)
                              (_printf_float)
C:/Program Files/STM32CubeIDE_1.14.1/STM32CubeIDE/plugins/com.st.stm32cube.ide.mcu.externaltools.gnu-tools-for-stm32.13.3.rel1.win32_1.0.0.202411081344/tools/bin/../lib/gcc/arm-none-eabi/13.3.1/../../../../arm-none-eabi/lib/thumb/v6-m/nofp\libc_nano.a(libc_a-nano-vfprintf_i.o)
                              C:/Program Files/STM32CubeIDE_1.14.1/STM32CubeIDE/plugins/com.st.stm32cube.ide.mcu.externaltools.gnu-tools-for-stm32.13.3.rel1.win32_1.0.0.202411081344/tools/bin/../lib/gcc/arm-none-eabi/13.3.1/../../../../arm-none-eabi/lib/thumb/v6-m/nofp\libc_nano.a(libc_a-nano-vfprintf_float.o) (_printf_common)
C:/Program Files/STM32CubeIDE_1.14.1/STM32CubeIDE/plugins/com.st.stm32cube.ide.mcu.externaltools.gnu-tools-for-stm32.13.3.rel1.win32_1.0.0.202411081344/tools/bin/../lib/gcc/arm-none-eabi/13.3.1/../../../../arm-none-eabi/lib/thumb/v6-m/nofp\libc_nano.a(libc_a-findfp.o)
                              C:/Program Files/STM32CubeIDE_1.14.1/STM32CubeIDE/plugins/com.st.stm32cube.ide.mcu.externaltools.gnu-tools-for-stm32.13.3.rel1.win32_1.0.0.202411081344/tools/bin/../lib/gcc/arm-none-eabi/13.3.1/../../../../arm-none-eabi/lib/thumb/v6-m/nofp\libc_nano.a(libc_a-exit.o) (__stdio_exit_handler)
C:/Program Files/STM32CubeIDE_1.14.1/STM32CubeIDE/plugins/com.st.stm32cube.ide.mcu.externaltools.gnu-tools-for-stm32.13.3.rel1.win32_1.0.0.202411081344/tools/bin/../lib/gcc/arm-none-eabi/13.3.1/../../../../arm-none-eabi/lib/thumb/v6-m/nofp\libc_nano.a(libc_a-fwalk.o)
                              C:/Program Files/STM32CubeIDE_1.14.1/STM32CubeIDE/plugins/com.st.stm32cube.ide.mcu.externaltools.gnu-tools-for-stm32.13.3.rel1.win32_1.0.0.202411081344/tools/bin/../lib/gcc/arm-none-eabi/13.3.1/../../../../arm-none-eabi/lib/thumb/v6-m/nofp\libc_nano.a(libc_a-findfp.o) (_fwalk_sglue)
C:/Program Files/STM32CubeIDE_1.14.1/STM32CubeIDE/plugins/com.st.stm32cube.ide.mcu.externaltools.gnu-tools-for-stm32.13.3.rel1.win32_1.0.0.202411081344/tools/bin/../lib/gcc/arm-none-eabi/13.3.1/../../../../arm-none-eabi/lib/thumb/v6-m/nofp\libc_nano.a(libc_a-sprintf.o)
                              ./stm32f0perif/Src/cdcUSBDDebug.o (sprintf)
C:/Program Files/STM32CubeIDE_1.14.1/STM32CubeIDE/plugins/com.st.stm32cube.ide.mcu.externaltools.gnu-tools-for-stm32.13.3.rel1.win32_1.0.0.202411081344/tools/bin/../lib/gcc/arm-none-eabi/13.3.1/../../../../arm-none-eabi/lib/thumb/v6-m/nofp\libc_nano.a(libc_a-stdio.o)
                              C:/Program Files/STM32CubeIDE_1.14.1/STM32CubeIDE/plugins/com.st.stm32cube.ide.mcu.externaltools.gnu-tools-for-stm32.13.3.rel1.win32_1.0.0.202411081344/tools/bin/../lib/gcc/arm-none-eabi/13.3.1/../../../../arm-none-eabi/lib/thumb/v6-m/nofp\libc_nano.a(libc_a-findfp.o) (__sread)
C:/Program Files/STM32CubeIDE_1.14.1/STM32CubeIDE/plugins/com.st.stm32cube.ide.mcu.externaltools.gnu-tools-for-stm32.13.3.rel1.win32_1.0.0.202411081344/tools/bin/../lib/gcc/arm-none-eabi/13.3.1/../../../../arm-none-eabi/lib/thumb/v6-m/nofp\libc_nano.a(libc_a-memset.o)
                              C:/Program Files/STM32CubeIDE_1.14.1/STM32CubeIDE/plugins/com.st.stm32cube.ide.mcu.externaltools.gnu-tools-for-stm32.13.3.rel1.win32_1.0.0.202411081344/tools/bin/../lib/gcc/arm-none-eabi/13.3.1/../../../../arm-none-eabi/lib/thumb/v6-m/nofp/crt0.o (memset)
C:/Program Files/STM32CubeIDE_1.14.1/STM32CubeIDE/plugins/com.st.stm32cube.ide.mcu.externaltools.gnu-tools-for-stm32.13.3.rel1.win32_1.0.0.202411081344/tools/bin/../lib/gcc/arm-none-eabi/13.3.1/../../../../arm-none-eabi/lib/thumb/v6-m/nofp\libc_nano.a(libc_a-localeconv.o)
                              C:/Program Files/STM32CubeIDE_1.14.1/STM32CubeIDE/plugins/com.st.stm32cube.ide.mcu.externaltools.gnu-tools-for-stm32.13.3.rel1.win32_1.0.0.202411081344/tools/bin/../lib/gcc/arm-none-eabi/13.3.1/../../../../arm-none-eabi/lib/thumb/v6-m/nofp\libc_nano.a(libc_a-nano-vfprintf_float.o) (_localeconv_r)
[...]
Memory Configuration

Name             Origin             Length             Attributes
RAM              0x20000000         0x00004000         xrw
FLASH            0x08000000         0x00020000         xr
*default*        0x00000000         0xffffffff

Linker script and memory map

LOAD C:/Program Files/STM32CubeIDE_1.14.1/STM32CubeIDE/plugins/com.st.stm32cube.ide.mcu.externaltools.gnu-tools-for-stm32.13.3.rel1.win32_1.0.0.202411081344/tools/bin/../lib/gcc/arm-none-eabi/13.3.1/thumb/v6-m/nofp/crti.o
LOAD C:/Program Files/STM32CubeIDE_1.14.1/STM32CubeIDE/plugins/com.st.stm32cube.ide.mcu.externaltools.gnu-tools-for-stm32.13.3.rel1.win32_1.0.0.202411081344/tools/bin/../lib/gcc/arm-none-eabi/13.3.1/thumb/v6-m/nofp/crtbegin.o
LOAD C:/Program Files/STM32CubeIDE_1.14.1/STM32CubeIDE/plugins/com.st.stm32cube.ide.mcu.externaltools.gnu-tools-for-stm32.13.3.rel1.win32_1.0.0.202411081344/tools/bin/../lib/gcc/arm-none-eabi/13.3.1/../../../../arm-none-eabi/lib/thumb/v6-m/nofp/crt0.o
LOAD ./Core/Src/main.o
LOAD ./Core/Src/stm32f0xx_hal_msp.o
LOAD ./Core/Src/stm32f0xx_it.o
LOAD ./Core/Src/syscalls.o
LOAD ./Core/Src/sysmem.o
LOAD ./Core/Src/system_stm32f0xx.o
LOAD ./Core/Startup/startup_stm32f072rbtx.o
LOAD ./Drivers/STM32F0xx_HAL_Driver/Src/stm32f0xx_hal.o
LOAD ./Drivers/STM32F0xx_HAL_Driver/Src/stm32f0xx_hal_adc.o
LOAD ./Drivers/STM32F0xx_HAL_Driver/Src/stm32f0xx_hal_adc_ex.o
LOAD ./Drivers/STM32F0xx_HAL_Driver/Src/stm32f0xx_hal_cortex.o
LOAD ./Drivers/STM32F0xx_HAL_Driver/Src/stm32f0xx_hal_dma.o
LOAD ./Drivers/STM32F0xx_HAL_Driver/Src/stm32f0xx_hal_exti.o
LOAD ./Drivers/STM32F0xx_HAL_Driver/Src/stm32f0xx_hal_flash.o
LOAD ./Drivers/STM32F0xx_HAL_Driver/Src/stm32f0xx_hal_flash_ex.o
LOAD ./Drivers/STM32F0xx_HAL_Driver/Src/stm32f0xx_hal_gpio.o
LOAD ./Drivers/STM32F0xx_HAL_Driver/Src/stm32f0xx_hal_i2c.o
LOAD ./Drivers/STM32F0xx_HAL_Driver/Src/stm32f0xx_hal_i2c_ex.o
LOAD ./Drivers/STM32F0xx_HAL_Driver/Src/stm32f0xx_hal_pcd.o
LOAD ./Drivers/STM32F0xx_HAL_Driver/Src/stm32f0xx_hal_pcd_ex.o
LOAD ./Drivers/STM32F0xx_HAL_Driver/Src/stm32f0xx_hal_pwr.o
LOAD ./Drivers/STM32F0xx_HAL_Driver/Src/stm32f0xx_hal_pwr_ex.o
LOAD ./Drivers/STM32F0xx_HAL_Driver/Src/stm32f0xx_hal_rcc.o
LOAD ./Drivers/STM32F0xx_HAL_Driver/Src/stm32f0xx_hal_rcc_ex.o
LOAD ./Drivers/STM32F0xx_HAL_Driver/Src/stm32f0xx_hal_rtc.o
LOAD ./Drivers/STM32F0xx_HAL_Driver/Src/stm32f0xx_hal_rtc_ex.o
LOAD ./Drivers/STM32F0xx_HAL_Driver/Src/stm32f0xx_hal_spi.o
LOAD ./Drivers/STM32F0xx_HAL_Driver/Src/stm32f0xx_hal_spi_ex.o
LOAD ./Drivers/STM32F0xx_HAL_Driver/Src/stm32f0xx_hal_tim.o
LOAD ./Drivers/STM32F0xx_HAL_Driver/Src/stm32f0xx_hal_tim_ex.o
LOAD ./Drivers/STM32F0xx_HAL_Driver/Src/stm32f0xx_hal_uart.o
LOAD ./Drivers/STM32F0xx_HAL_Driver/Src/stm32f0xx_hal_uart_ex.o
LOAD ./Drivers/STM32F0xx_HAL_Driver/Src/stm32f0xx_ll_usb.o
LOAD ./Middlewares/ST/STM32_USB_Device_Library/Class/CustomHID/Src/usbd_customhid.o
LOAD ./Middlewares/ST/STM32_USB_Device_Library/Core/Src/usbd_core.o
LOAD ./Middlewares/ST/STM32_USB_Device_Library/Core/Src/usbd_ctlreq.o
LOAD ./Middlewares/ST/STM32_USB_Device_Library/Core/Src/usbd_ioreq.o
LOAD ./USB_DEVICE/App/usb_device.o
LOAD ./USB_DEVICE/App/usbd_custom_hid_if.o
LOAD ./USB_DEVICE/App/usbd_desc.o
LOAD ./USB_DEVICE/Target/usbd_conf.o
LOAD ./myLibs/SSD1322_OLED_library/SSD1322_OLED_lib/SSD1322_API.o
LOAD ./myLibs/SSD1322_OLED_library/SSD1322_OLED_lib/SSD1322_GFX.o
LOAD ./myLibs/SSD1322_OLED_library/SSD1322_OLED_lib/SSD1322_HW_Driver.o
LOAD ./stm32f0perif/Src/cdcUSBDDebug.o
LOAD ./stm32f0perif/Src/i2c.o
LOAD ./stm32f0perif/Src/otherFunc.o
LOAD ./stm32f0perif/Src/uart.o
START GROUP
LOAD C:/Program Files/STM32CubeIDE_1.14.1/STM32CubeIDE/plugins/com.st.stm32cube.ide.mcu.externaltools.gnu-tools-for-stm32.13.3.rel1.win32_1.0.0.202411081344/tools/bin/../lib/gcc/arm-none-eabi/13.3.1/../../../../arm-none-eabi/lib/thumb/v6-m/nofp\libc_nano.a
LOAD C:/Program Files/STM32CubeIDE_1.14.1/STM32CubeIDE/plugins/com.st.stm32cube.ide.mcu.externaltools.gnu-tools-for-stm32.13.3.rel1.win32_1.0.0.202411081344/tools/bin/../lib/gcc/arm-none-eabi/13.3.1/../../../../arm-none-eabi/lib/thumb/v6-m/nofp\libm.a
END GROUP
START GROUP
LOAD C:/Program Files/STM32CubeIDE_1.14.1/STM32CubeIDE/plugins/com.st.stm32cube.ide.mcu.externaltools.gnu-tools-for-stm32.13.3.rel1.win32_1.0.0.202411081344/tools/bin/../lib/gcc/arm-none-eabi/13.3.1/thumb/v6-m/nofp\libgcc.a
LOAD C:/Program Files/STM32CubeIDE_1.14.1/STM32CubeIDE/plugins/com.st.stm32cube.ide.mcu.externaltools.gnu-tools-for-stm32.13.3.rel1.win32_1.0.0.202411081344/tools/bin/../lib/gcc/arm-none-eabi/13.3.1/../../../../arm-none-eabi/lib/thumb/v6-m/nofp\libc_nano.a
END GROUP
START GROUP
LOAD C:/Program Files/STM32CubeIDE_1.14.1/STM32CubeIDE/plugins/com.st.stm32cube.ide.mcu.externaltools.gnu-tools-for-stm32.13.3.rel1.win32_1.0.0.202411081344/tools/bin/../lib/gcc/arm-none-eabi/13.3.1/thumb/v6-m/nofp\libgcc.a
LOAD C:/Program Files/STM32CubeIDE_1.14.1/STM32CubeIDE/plugins/com.st.stm32cube.ide.mcu.externaltools.gnu-tools-for-stm32.13.3.rel1.win32_1.0.0.202411081344/tools/bin/../lib/gcc/arm-none-eabi/13.3.1/../../../../arm-none-eabi/lib/thumb/v6-m/nofp\libc_nano.a
LOAD C:/Program Files/STM32CubeIDE_1.14.1/STM32CubeIDE/plugins/com.st.stm32cube.ide.mcu.externaltools.gnu-tools-for-stm32.13.3.rel1.win32_1.0.0.202411081344/tools/bin/../lib/gcc/arm-none-eabi/13.3.1/../../../../arm-none-eabi/lib/thumb/v6-m/nofp\libnosys.a
END GROUP
START GROUP
LOAD C:/Program Files/STM32CubeIDE_1.14.1/STM32CubeIDE/plugins/com.st.stm32cube.ide.mcu.externaltools.gnu-tools-for-stm32.13.3.rel1.win32_1.0.0.202411081344/tools/bin/../lib/gcc/arm-none-eabi/13.3.1/thumb/v6-m/nofp\libgcc.a
LOAD C:/Program Files/STM32CubeIDE_1.14.1/STM32CubeIDE/plugins/com.st.stm32cube.ide.mcu.externaltools.gnu-tools-for-stm32.13.3.rel1.win32_1.0.0.202411081344/tools/bin/../lib/gcc/arm-none-eabi/13.3.1/../../../../arm-none-eabi/lib/thumb/v6-m/nofp\libc_nano.a
LOAD C:/Program Files/STM32CubeIDE_1.14.1/STM32CubeIDE/plugins/com.st.stm32cube.ide.mcu.externaltools.gnu-tools-for-stm32.13.3.rel1.win32_1.0.0.202411081344/tools/bin/../lib/gcc/arm-none-eabi/13.3.1/../../../../arm-none-eabi/lib/thumb/v6-m/nofp\libnosys.a
END GROUP
LOAD C:/Program Files/STM32CubeIDE_1.14.1/STM32CubeIDE/plugins/com.st.stm32cube.ide.mcu.externaltools.gnu-tools-for-stm32.13.3.rel1.win32_1.0.0.202411081344/tools/bin/../lib/gcc/arm-none-eabi/13.3.1/thumb/v6-m/nofp/crtend.o
LOAD C:/Program Files/STM32CubeIDE_1.14.1/STM32CubeIDE/plugins/com.st.stm32cube.ide.mcu.externaltools.gnu-tools-for-stm32.13.3.rel1.win32_1.0.0.202411081344/tools/bin/../lib/gcc/arm-none-eabi/13.3.1/thumb/v6-m/nofp/crtn.o
                0x20004000                        _estack = (ORIGIN (RAM) + LENGTH (RAM))
                0x00000200                        _Min_Heap_Size = 0x200
                0x00000400                        _Min_Stack_Size = 0x400

.isr_vector     0x08000000       0xc0
                0x08000000                        . = ALIGN (0x4)
 *(.isr_vector)
 .isr_vector    0x08000000       0xc0 ./Core/Startup/startup_stm32f072rbtx.o
                0x08000000                g_pfnVectors
                0x080000c0                        . = ALIGN (0x4)

.text           0x080000c0    0x10384
                0x080000c0                        . = ALIGN (0x4)
 *(.text)
 .text          0x080000c0       0x48 C:/Program Files/STM32CubeIDE_1.14.1/STM32CubeIDE/plugins/com.st.stm32cube.ide.mcu.externaltools.gnu-tools-for-stm32.13.3.rel1.win32_1.0.0.202411081344/tools/bin/../lib/gcc/arm-none-eabi/13.3.1/thumb/v6-m/nofp/crtbegin.o
 .text          0x08000108        0xe C:/Program Files/STM32CubeIDE_1.14.1/STM32CubeIDE/plugins/com.st.stm32cube.ide.mcu.externaltools.gnu-tools-for-stm32.13.3.rel1.win32_1.0.0.202411081344/tools/bin/../lib/gcc/arm-none-eabi/13.3.1/../../../../arm-none-eabi/lib/thumb/v6-m/nofp\libc_nano.a(libc_a-strlen.o)
                0x08000108                strlen
 *fill*         0x08000116        0x2 
 .text          0x08000118       0x14 C:/Program Files/STM32CubeIDE_1.14.1/STM32CubeIDE/plugins/com.st.stm32cube.ide.mcu.externaltools.gnu-tools-for-stm32.13.3.rel1.win32_1.0.0.202411081344/tools/bin/../lib/gcc/arm-none-eabi/13.3.1/thumb/v6-m/nofp\libgcc.a(_thumb1_case_uqi.o)
                0x08000118                __gnu_thumb1_case_uqi
 .text          0x0800012c       0x14 C:/Program Files/STM32CubeIDE_1.14.1/STM32CubeIDE/plugins/com.st.stm32cube.ide.mcu.externaltools.gnu-tools-for-stm32.13.3.rel1.win32_1.0.0.202411081344/tools/bin/../lib/gcc/arm-none-eabi/13.3.1/thumb/v6-m/nofp\libgcc.a(_thumb1_case_shi.o)
                0x0800012c                __gnu_thumb1_case_shi
 .text          0x08000140      0x114 C:/Program Files/STM32CubeIDE_1.14.1/STM32CubeIDE/plugins/com.st.stm32cube.ide.mcu.externaltools.gnu-tools-for-stm32.13.3.rel1.win32_1.0.0.202411081344/tools/bin/../lib/gcc/arm-none-eabi/13.3.1/thumb/v6-m/nofp\libgcc.a(_udivsi3.o)
                0x08000140                __aeabi_uidiv
                0x08000140                __udivsi3
                0x0800024c                __aeabi_uidivmod
 .text          0x08000254      0x1d4 C:/Program Files/STM32CubeIDE_1.14.1/STM32CubeIDE/plugins/com.st.stm32cube.ide.mcu.externaltools.gnu-tools-for-stm32.13.3.rel1.win32_1.0.0.202411081344/tools/bin/../lib/gcc/arm-none-eabi/13.3.1/thumb/v6-m/nofp\libgcc.a(_divsi3.o)
                0x08000254                __divsi3
                0x08000254                __aeabi_idiv
                0x08000420                __aeabi_idivmod
 .text          0x08000428        0x4 C:/Program Files/STM32CubeIDE_1.14.1/STM32CubeIDE/plugins/com.st.stm32cube.ide.mcu.externaltools.gnu-tools-for-stm32.13.3.rel1.win32_1.0.0.202411081344/tools/bin/../lib/gcc/arm-none-eabi/13.3.1/thumb/v6-m/nofp\libgcc.a(_dvmd_tls.o)
                0x08000428                __aeabi_idiv0
                0x08000428                __aeabi_ldiv0
 .text          0x0800042c       0x7c C:/Program Files/STM32CubeIDE_1.14.1/STM32CubeIDE/plugins/com.st.stm32cube.ide.mcu.externaltools.gnu-tools-for-stm32.13.3.rel1.win32_1.0.0.202411081344/tools/bin/../lib/gcc/arm-none-eabi/13.3.1/thumb/v6-m/nofp\libgcc.a(_arm_cmpdf2.o)
                0x0800042c                __aeabi_cdrcmple
                0x0800043c                __aeabi_cdcmple
                0x0800043c                __aeabi_cdcmpeq
                0x0800044c                __aeabi_dcmpeq
                0x08000458                __aeabi_dcmplt
                0x0800046c                __aeabi_dcmple
                0x08000480                __aeabi_dcmpgt
                0x08000494                __aeabi_dcmpge
 .text          0x080004a8      0x78c C:/Program Files/STM32CubeIDE_1.14.1/STM32CubeIDE/plugins/com.st.stm32cube.ide.mcu.externaltools.gnu-tools-for-stm32.13.3.rel1.win32_1.0.0.202411081344/tools/bin/../lib/gcc/arm-none-eabi/13.3.1/thumb/v6-m/nofp\libgcc.a(adddf3.o)
                0x080004a8                __aeabi_dadd
 .text          0x08000c34      0x630 C:/Program Files/STM32CubeIDE_1.14.1/STM32CubeIDE/plugins/com.st.stm32cube.ide.mcu.externaltools.gnu-tools-for-stm32.13.3.rel1.win32_1.0.0.202411081344/tools/bin/../lib/gcc/arm-none-eabi/13.3.1/thumb/v6-m/nofp\libgcc.a(divdf3.o)
                0x08000c34                __aeabi_ddiv
 .text          0x08001264       0x88 C:/Program Files/STM32CubeIDE_1.14.1/STM32CubeIDE/plugins/com.st.stm32cube.ide.mcu.externaltools.gnu-tools-for-stm32.13.3.rel1.win32_1.0.0.202411081344/tools/bin/../lib/gcc/arm-none-eabi/13.3.1/thumb/v6-m/nofp\libgcc.a(eqdf2.o)
                0x08001264                __nedf2
                0x08001264                __eqdf2
 .text          0x080012ec       0xe0 C:/Program Files/STM32CubeIDE_1.14.1/STM32CubeIDE/plugins/com.st.stm32cube.ide.mcu.externaltools.gnu-tools-for-stm32.13.3.rel1.win32_1.0.0.202411081344/tools/bin/../lib/gcc/arm-none-eabi/13.3.1/thumb/v6-m/nofp\libgcc.a(gedf2.o)
                0x080012ec                __gedf2
                0x080012ec                __gtdf2
 .text          0x080013cc       0xdc C:/Program Files/STM32CubeIDE_1.14.1/STM32CubeIDE/plugins/com.st.stm32cube.ide.mcu.externaltools.gnu-tools-for-stm32.13.3.rel1.win32_1.0.0.202411081344/tools/bin/../lib/gcc/arm-none-eabi/13.3.1/thumb/v6-m/nofp\libgcc.a(ledf2.o)
                0x080013cc                __ledf2
                0x080013cc                __ltdf2
 .text          0x080014a8      0x5cc C:/Program Files/STM32CubeIDE_1.14.1/STM32CubeIDE/plugins/com.st.stm32cube.ide.mcu.externaltools.gnu-tools-for-stm32.13.3.rel1.win32_1.0.0.202411081344/tools/bin/../lib/gcc/arm-none-eabi/13.3.1/thumb/v6-m/nofp\libgcc.a(muldf3.o)
                0x080014a8                __aeabi_dmul
 .text          0x08001a74      0x814 C:/Program Files/STM32CubeIDE_1.14.1/STM32CubeIDE/plugins/com.st.stm32cube.ide.mcu.externaltools.gnu-tools-for-stm32.13.3.rel1.win32_1.0.0.202411081344/tools/bin/../lib/gcc/arm-none-eabi/13.3.1/thumb/v6-m/nofp\libgcc.a(subdf3.o)
                0x08001a74                __aeabi_dsub
 .text          0x08002288       0x44 C:/Program Files/STM32CubeIDE_1.14.1/STM32CubeIDE/plugins/com.st.stm32cube.ide.mcu.externaltools.gnu-tools-for-stm32.13.3.rel1.win32_1.0.0.202411081344/tools/bin/../lib/gcc/arm-none-eabi/13.3.1/thumb/v6-m/nofp\libgcc.a(unorddf2.o)
                0x08002288                __aeabi_dcmpun
 .text          0x080022cc       0x78 C:/Program Files/STM32CubeIDE_1.14.1/STM32CubeIDE/plugins/com.st.stm32cube.ide.mcu.externaltools.gnu-tools-for-stm32.13.3.rel1.win32_1.0.0.202411081344/tools/bin/../lib/gcc/arm-none-eabi/13.3.1/thumb/v6-m/nofp\libgcc.a(fixdfsi.o)
                0x080022cc                __aeabi_d2iz
 .text          0x08002344       0x5c C:/Program Files/STM32CubeIDE_1.14.1/STM32CubeIDE/plugins/com.st.stm32cube.ide.mcu.externaltools.gnu-tools-for-stm32.13.3.rel1.win32_1.0.0.202411081344/tools/bin/../lib/gcc/arm-none-eabi/13.3.1/thumb/v6-m/nofp\libgcc.a(floatsidf.o)
                0x08002344                __aeabi_i2d
 .text          0x080023a0       0x48 C:/Program Files/STM32CubeIDE_1.14.1/STM32CubeIDE/plugins/com.st.stm32cube.ide.mcu.externaltools.gnu-tools-for-stm32.13.3.rel1.win32_1.0.0.202411081344/tools/bin/../lib/gcc/arm-none-eabi/13.3.1/thumb/v6-m/nofp\libgcc.a(floatunsidf.o)
                0x080023a0                __aeabi_ui2d
 .text          0x080023e8       0x3c C:/Program Files/STM32CubeIDE_1.14.1/STM32CubeIDE/plugins/com.st.stm32cube.ide.mcu.externaltools.gnu-tools-for-stm32.13.3.rel1.win32_1.0.0.202411081344/tools/bin/../lib/gcc/arm-none-eabi/13.3.1/thumb/v6-m/nofp\libgcc.a(_clzsi2.o)
                0x080023e8                __clzsi2
 *(.text*)
 .text.main     0x08002424      0x27c ./Core/Src/main.o
                0x08002424                main
 .text.SystemClock_Config
                0x080026a0       0xe6 ./Core/Src/main.o
                0x080026a0                SystemClock_Config
 *fill*         0x08002786        0x2 
 .text.MX_ADC_Init
                0x08002788      0x104 ./Core/Src/main.o
 .text.MX_RTC_Init
                0x0800288c       0xc4 ./Core/Src/main.o
 .text.MX_SPI2_Init
                0x08002950       0x7c ./Core/Src/main.o
 .text.MX_TIM1_Init
                0x080029cc       0xd0 ./Core/Src/main.o
 .text.MX_TIM3_Init
                0x08002a9c       0xc8 ./Core/Src/main.o
 .text.MX_USART4_UART_Init
                0x08002b64       0x60 ./Core/Src/main.o
 .text.MX_DMA_Init
                0x08002bc4       0x4c ./Core/Src/main.o
 .text.MX_GPIO_Init
                0x08002c10      0x11c ./Core/Src/main.o
 .text.HAL_ADC_ConvCpltCallback
                0x08002d2c       0x1c ./Core/Src/main.o
                0x08002d2c                HAL_ADC_ConvCpltCallback
 .text.Error_Handler
                0x08002d48        0xc ./Core/Src/main.o
                0x08002d48                Error_Handler
 .text.HAL_MspInit
                0x08002d54       0x48 ./Core/Src/stm32f0xx_hal_msp.o
                0x08002d54                HAL_MspInit
 .text.HAL_ADC_MspInit
                0x08002d9c       0xe4 ./Core/Src/stm32f0xx_hal_msp.o
                0x08002d9c                HAL_ADC_MspInit
 .text.HAL_RTC_MspInit
                0x08002e80       0x30 ./Core/Src/stm32f0xx_hal_msp.o
                0x08002e80                HAL_RTC_MspInit
 .text.HAL_SPI_MspInit
                0x08002eb0      0x14c ./Core/Src/stm32f0xx_hal_msp.o
                0x08002eb0                HAL_SPI_MspInit
 .text.HAL_TIM_Encoder_MspInit
                0x08002ffc      0x110 ./Core/Src/stm32f0xx_hal_msp.o
                0x08002ffc                HAL_TIM_Encoder_MspInit
 .text.HAL_UART_MspInit
                0x0800310c       0x9c ./Core/Src/stm32f0xx_hal_msp.o
                0x0800310c                HAL_UART_MspInit
 .text.NMI_Handler
                0x080031a8        0x8 ./Core/Src/stm32f0xx_it.o
                0x080031a8                NMI_Handler
 .text.HardFault_Handler
                0x080031b0        0x8 ./Core/Src/stm32f0xx_it.o
                0x080031b0                HardFault_Handler
 .text.SVC_Handler
                0x080031b8        0xa ./Core/Src/stm32f0xx_it.o
                0x080031b8                SVC_Handler
 .text.PendSV_Handler
                0x080031c2        0xa ./Core/Src/stm32f0xx_it.o
                0x080031c2                PendSV_Handler
 .text.SysTick_Handler
                0x080031cc        0xe ./Core/Src/stm32f0xx_it.o
                0x080031cc                SysTick_Handler
 *fill*         0x080031da        0x2 
 .text.DMA1_Channel1_IRQHandler
                0x080031dc       0x18 ./Core/Src/stm32f0xx_it.o
                0x080031dc                DMA1_Channel1_IRQHandler
 .text.DMA1_Channel4_5_6_7_IRQHandler
                0x080031f4       0x18 ./Core/Src/stm32f0xx_it.o
                0x080031f4                DMA1_Channel4_5_6_7_IRQHandler
 .text.SPI2_IRQHandler
                0x0800320c       0x18 ./Core/Src/stm32f0xx_it.o
                0x0800320c                SPI2_IRQHandler
 .text.USB_IRQHandler
                0x08003224       0x18 ./Core/Src/stm32f0xx_it.o
                0x08003224                USB_IRQHandler
 .text._getpid  0x0800323c        0xc ./Core/Src/syscalls.o
                0x0800323c                _getpid
 .text._kill    0x08003248       0x20 ./Core/Src/syscalls.o
                0x08003248                _kill
 .text._exit    0x08003268       0x1a ./Core/Src/syscalls.o
                0x08003268                _exit
 .text._read    0x08003282       0x3a ./Core/Src/syscalls.o
                0x08003282                _read
 .text._write   0x080032bc       0x38 ./Core/Src/syscalls.o
                0x080032bc                _write
 .text._close   0x080032f4       0x14 ./Core/Src/syscalls.o
                0x080032f4                _close
 .text._fstat   0x08003308       0x1c ./Core/Src/syscalls.o
                0x08003308                _fstat
 .text._isatty  0x08003324       0x12 ./Core/Src/syscalls.o
                0x08003324                _isatty
 .text._lseek   0x08003336       0x16 ./Core/Src/syscalls.o
                0x08003336                _lseek
 .text._sbrk    0x0800334c       0x6c ./Core/Src/sysmem.o
                0x0800334c                _sbrk
 .text.SystemInit
                0x080033b8        0xa ./Core/Src/system_stm32f0xx.o
                0x080033b8                SystemInit
 *fill*         0x080033c2        0x2 
 .text.Reset_Handler
                0x080033c4       0x50 ./Core/Startup/startup_stm32f072rbtx.o
                0x080033c4                Reset_Handler
 .text.Default_Handler
                0x08003414        0x2 ./Core/Startup/startup_stm32f072rbtx.o
                0x08003414                TIM1_CC_IRQHandler
                0x08003414                TSC_IRQHandler
                0x08003414                ADC1_COMP_IRQHandler
                0x08003414                I2C1_IRQHandler
                0x08003414                RCC_CRS_IRQHandler
                0x08003414                SPI1_IRQHandler
                0x08003414                TIM6_DAC_IRQHandler
                0x08003414                USART3_4_IRQHandler
                0x08003414                EXTI2_3_IRQHandler
                0x08003414                I2C2_IRQHandler
                0x08003414                TIM17_IRQHandler
                0x08003414                CEC_CAN_IRQHandler
                0x08003414                RTC_IRQHandler
                0x08003414                PVD_VDDIO2_IRQHandler
                0x08003414                TIM16_IRQHandler
                0x08003414                TIM3_IRQHandler
                0x08003414                EXTI4_15_IRQHandler
                0x08003414                Default_Handler
                0x08003414                TIM14_IRQHandler
                0x08003414                TIM7_IRQHandler
                0x08003414                TIM15_IRQHandler
                0x08003414                EXTI0_1_IRQHandler
                0x08003414                WWDG_IRQHandler
                0x08003414                TIM2_IRQHandler
                0x08003414                DMA1_Channel2_3_IRQHandler
                0x08003414                USART2_IRQHandler
                0x08003414                FLASH_IRQHandler
                0x08003414                USART1_IRQHandler
                0x08003414                TIM1_BRK_UP_TRG_COM_IRQHandler
 *fill*         0x08003416        0x2 
 .text.HAL_Init
                0x08003418       0x28 ./Drivers/STM32F0xx_HAL_Driver/Src/stm32f0xx_hal.o
                0x08003418                HAL_Init
 .text.HAL_InitTick
                0x08003440       0x68 ./Drivers/STM32F0xx_HAL_Driver/Src/stm32f0xx_hal.o
                0x08003440                HAL_InitTick
 .text.HAL_IncTick
                0x080034a8       0x24 ./Drivers/STM32F0xx_HAL_Driver/Src/stm32f0xx_hal.o
                0x080034a8                HAL_IncTick
 .text.HAL_GetTick
                0x080034cc       0x14 ./Drivers/STM32F0xx_HAL_Driver/Src/stm32f0xx_hal.o
                0x080034cc                HAL_GetTick
 .text.HAL_Delay
                0x080034e0       0x48 ./Drivers/STM32F0xx_HAL_Driver/Src/stm32f0xx_hal.o
                0x080034e0                HAL_Delay
 .text.HAL_ADC_Init
                0x08003528      0x280 ./Drivers/STM32F0xx_HAL_Driver/Src/stm32f0xx_hal_adc.o
                0x08003528                HAL_ADC_Init
 .text.HAL_ADC_Start_DMA
                0x080037a8      0x104 ./Drivers/STM32F0xx_HAL_Driver/Src/stm32f0xx_hal_adc.o
                0x080037a8                HAL_ADC_Start_DMA
 .text.HAL_ADC_ConvHalfCpltCallback
                0x080038ac       0x10 ./Drivers/STM32F0xx_HAL_Driver/Src/stm32f0xx_hal_adc.o
                0x080038ac                HAL_ADC_ConvHalfCpltCallback
 .text.HAL_ADC_ErrorCallback
                0x080038bc       0x10 ./Drivers/STM32F0xx_HAL_Driver/Src/stm32f0xx_hal_adc.o
                0x080038bc                HAL_ADC_ErrorCallback
 .text.HAL_ADC_ConfigChannel
                0x080038cc      0x21c ./Drivers/STM32F0xx_HAL_Driver/Src/stm32f0xx_hal_adc.o
                0x080038cc                HAL_ADC_ConfigChannel
 .text.ADC_Enable
                0x08003ae8      0x108 ./Drivers/STM32F0xx_HAL_Driver/Src/stm32f0xx_hal_adc.o
 .text.ADC_DMAConvCplt
                0x08003bf0       0xb4 ./Drivers/STM32F0xx_HAL_Driver/Src/stm32f0xx_hal_adc.o
 .text.ADC_DMAHalfConvCplt
                0x08003ca4       0x1e ./Drivers/STM32F0xx_HAL_Driver/Src/stm32f0xx_hal_adc.o
 .text.ADC_DMAError
                0x08003cc2       0x36 ./Drivers/STM32F0xx_HAL_Driver/Src/stm32f0xx_hal_adc.o
 .text.HAL_ADCEx_Calibration_Start
                0x08003cf8      0x150 ./Drivers/STM32F0xx_HAL_Driver/Src/stm32f0xx_hal_adc_ex.o
                0x08003cf8                HAL_ADCEx_Calibration_Start
 .text.__NVIC_EnableIRQ
                0x08003e48       0x34 ./Drivers/STM32F0xx_HAL_Driver/Src/stm32f0xx_hal_cortex.o
 .text.__NVIC_SetPriority
                0x08003e7c       0xdc ./Drivers/STM32F0xx_HAL_Driver/Src/stm32f0xx_hal_cortex.o
 .text.SysTick_Config
                0x08003f58       0x48 ./Drivers/STM32F0xx_HAL_Driver/Src/stm32f0xx_hal_cortex.o
 .text.HAL_NVIC_SetPriority
                0x08003fa0       0x2a ./Drivers/STM32F0xx_HAL_Driver/Src/stm32f0xx_hal_cortex.o
                0x08003fa0                HAL_NVIC_SetPriority
 .text.HAL_NVIC_EnableIRQ
                0x08003fca       0x20 ./Drivers/STM32F0xx_HAL_Driver/Src/stm32f0xx_hal_cortex.o
                0x08003fca                HAL_NVIC_EnableIRQ
 .text.HAL_SYSTICK_Config
                0x08003fea       0x1a ./Drivers/STM32F0xx_HAL_Driver/Src/stm32f0xx_hal_cortex.o
                0x08003fea                HAL_SYSTICK_Config
 .text.HAL_DMA_Init
                0x08004004       0x90 ./Drivers/STM32F0xx_HAL_Driver/Src/stm32f0xx_hal_dma.o
                0x08004004                HAL_DMA_Init
 .text.HAL_DMA_Start_IT
                0x08004094       0xcc ./Drivers/STM32F0xx_HAL_Driver/Src/stm32f0xx_hal_dma.o
                0x08004094                HAL_DMA_Start_IT
 .text.HAL_DMA_Abort_IT
                0x08004160       0x8a ./Drivers/STM32F0xx_HAL_Driver/Src/stm32f0xx_hal_dma.o
                0x08004160                HAL_DMA_Abort_IT
 .text.HAL_DMA_IRQHandler
                0x080041ea      0x144 ./Drivers/STM32F0xx_HAL_Driver/Src/stm32f0xx_hal_dma.o
                0x080041ea                HAL_DMA_IRQHandler
 .text.DMA_SetConfig
                0x0800432e       0x58 ./Drivers/STM32F0xx_HAL_Driver/Src/stm32f0xx_hal_dma.o
 *fill*         0x08004386        0x2 
 .text.DMA_CalcBaseAndBitshift
                0x08004388       0x38 ./Drivers/STM32F0xx_HAL_Driver/Src/stm32f0xx_hal_dma.o
 .text.HAL_GPIO_Init
                0x080043c0      0x2f0 ./Drivers/STM32F0xx_HAL_Driver/Src/stm32f0xx_hal_gpio.o
                0x080043c0                HAL_GPIO_Init
 .text.HAL_GPIO_ReadPin
                0x080046b0       0x3a ./Drivers/STM32F0xx_HAL_Driver/Src/stm32f0xx_hal_gpio.o
                0x080046b0                HAL_GPIO_ReadPin
 .text.HAL_GPIO_WritePin
                0x080046ea       0x3a ./Drivers/STM32F0xx_HAL_Driver/Src/stm32f0xx_hal_gpio.o
                0x080046ea                HAL_GPIO_WritePin
 .text.HAL_PCD_Init
                0x08004724      0x1e8 ./Drivers/STM32F0xx_HAL_Driver/Src/stm32f0xx_hal_pcd.o
                0x08004724                HAL_PCD_Init
 .text.HAL_PCD_Start
                0x0800490c       0x4a ./Drivers/STM32F0xx_HAL_Driver/Src/stm32f0xx_hal_pcd.o
                0x0800490c                HAL_PCD_Start
 *fill*         0x08004956        0x2 
 .text.HAL_PCD_IRQHandler
                0x08004958      0x288 ./Drivers/STM32F0xx_HAL_Driver/Src/stm32f0xx_hal_pcd.o
                0x08004958                HAL_PCD_IRQHandler
 .text.HAL_PCD_SetAddress
                0x08004be0       0x54 ./Drivers/STM32F0xx_HAL_Driver/Src/stm32f0xx_hal_pcd.o
                0x08004be0                HAL_PCD_SetAddress
 .text.HAL_PCD_EP_Open
                0x08004c34       0xde ./Drivers/STM32F0xx_HAL_Driver/Src/stm32f0xx_hal_pcd.o
                0x08004c34                HAL_PCD_EP_Open
 .text.HAL_PCD_EP_Close
                0x08004d12       0xa2 ./Drivers/STM32F0xx_HAL_Driver/Src/stm32f0xx_hal_pcd.o
                0x08004d12                HAL_PCD_EP_Close
 .text.HAL_PCD_EP_Receive
                0x08004db4       0x6e ./Drivers/STM32F0xx_HAL_Driver/Src/stm32f0xx_hal_pcd.o
                0x08004db4                HAL_PCD_EP_Receive
 .text.HAL_PCD_EP_Transmit
                0x08004e22       0x78 ./Drivers/STM32F0xx_HAL_Driver/Src/stm32f0xx_hal_pcd.o
                0x08004e22                HAL_PCD_EP_Transmit
 .text.HAL_PCD_EP_SetStall
                0x08004e9a       0xb8 ./Drivers/STM32F0xx_HAL_Driver/Src/stm32f0xx_hal_pcd.o
                0x08004e9a                HAL_PCD_EP_SetStall
 .text.HAL_PCD_EP_ClrStall
                0x08004f52       0xbc ./Drivers/STM32F0xx_HAL_Driver/Src/stm32f0xx_hal_pcd.o
                0x08004f52                HAL_PCD_EP_ClrStall
 *fill*         0x0800500e        0x2 
 .text.PCD_EP_ISR_Handler
                0x08005010      0x808 ./Drivers/STM32F0xx_HAL_Driver/Src/stm32f0xx_hal_pcd.o
 .text.HAL_PCD_EP_DB_Receive
                0x08005818      0x238 ./Drivers/STM32F0xx_HAL_Driver/Src/stm32f0xx_hal_pcd.o
 .text.HAL_PCD_EP_DB_Transmit
                0x08005a50      0x820 ./Drivers/STM32F0xx_HAL_Driver/Src/stm32f0xx_hal_pcd.o
 .text.HAL_PCDEx_PMAConfig
                0x08006270       0x9c ./Drivers/STM32F0xx_HAL_Driver/Src/stm32f0xx_hal_pcd_ex.o
                0x08006270                HAL_PCDEx_PMAConfig
 .text.HAL_PCDEx_ActivateLPM
                0x0800630c       0x54 ./Drivers/STM32F0xx_HAL_Driver/Src/stm32f0xx_hal_pcd_ex.o
                0x0800630c                HAL_PCDEx_ActivateLPM
 .text.HAL_PCDEx_LPM_Callback
                0x08006360       0x16 ./Drivers/STM32F0xx_HAL_Driver/Src/stm32f0xx_hal_pcd_ex.o
                0x08006360                HAL_PCDEx_LPM_Callback
 *fill*         0x08006376        0x2 
 .text.HAL_RCC_OscConfig
                0x08006378      0x70c ./Drivers/STM32F0xx_HAL_Driver/Src/stm32f0xx_hal_rcc.o
                0x08006378                HAL_RCC_OscConfig
 .text.HAL_RCC_ClockConfig
                0x08006a84      0x1b4 ./Drivers/STM32F0xx_HAL_Driver/Src/stm32f0xx_hal_rcc.o
                0x08006a84                HAL_RCC_ClockConfig
 .text.HAL_RCC_GetSysClockFreq
                0x08006c38       0xe4 ./Drivers/STM32F0xx_HAL_Driver/Src/stm32f0xx_hal_rcc.o
                0x08006c38                HAL_RCC_GetSysClockFreq
 .text.HAL_RCC_GetHCLKFreq
                0x08006d1c       0x14 ./Drivers/STM32F0xx_HAL_Driver/Src/stm32f0xx_hal_rcc.o
                0x08006d1c                HAL_RCC_GetHCLKFreq
 .text.HAL_RCC_GetPCLK1Freq
                0x08006d30       0x2c ./Drivers/STM32F0xx_HAL_Driver/Src/stm32f0xx_hal_rcc.o
                0x08006d30                HAL_RCC_GetPCLK1Freq
 .text.HAL_RCCEx_PeriphCLKConfig
                0x08006d5c      0x1fc ./Drivers/STM32F0xx_HAL_Driver/Src/stm32f0xx_hal_rcc_ex.o
                0x08006d5c                HAL_RCCEx_PeriphCLKConfig
 .text.HAL_RTC_Init
                0x08006f58      0x130 ./Drivers/STM32F0xx_HAL_Driver/Src/stm32f0xx_hal_rtc.o
                0x08006f58                HAL_RTC_Init
 .text.HAL_RTC_SetTime
                0x08007088      0x14c ./Drivers/STM32F0xx_HAL_Driver/Src/stm32f0xx_hal_rtc.o
                0x08007088                HAL_RTC_SetTime
 .text.HAL_RTC_SetDate
                0x080071d4      0x120 ./Drivers/STM32F0xx_HAL_Driver/Src/stm32f0xx_hal_rtc.o
                0x080071d4                HAL_RTC_SetDate
 .text.HAL_RTC_WaitForSynchro
                0x080072f4       0x50 ./Drivers/STM32F0xx_HAL_Driver/Src/stm32f0xx_hal_rtc.o
                0x080072f4                HAL_RTC_WaitForSynchro
 .text.RTC_EnterInitMode
                0x08007344       0x86 ./Drivers/STM32F0xx_HAL_Driver/Src/stm32f0xx_hal_rtc.o
                0x08007344                RTC_EnterInitMode
 .text.RTC_ExitInitMode
                0x080073ca       0x52 ./Drivers/STM32F0xx_HAL_Driver/Src/stm32f0xx_hal_rtc.o
                0x080073ca                RTC_ExitInitMode
 .text.RTC_ByteToBcd2
                0x0800741c       0x42 ./Drivers/STM32F0xx_HAL_Driver/Src/stm32f0xx_hal_rtc.o
                0x0800741c                RTC_ByteToBcd2
 *fill*         0x0800745e        0x2 
 .text.HAL_SPI_Init
                0x08007460      0x170 ./Drivers/STM32F0xx_HAL_Driver/Src/stm32f0xx_hal_spi.o
                0x08007460                HAL_SPI_Init
 .text.HAL_SPI_Transmit
                0x080075d0      0x2be ./Drivers/STM32F0xx_HAL_Driver/Src/stm32f0xx_hal_spi.o
                0x080075d0                HAL_SPI_Transmit
 *fill*         0x0800788e        0x2 
 .text.HAL_SPI_IRQHandler
                0x08007890      0x1fc ./Drivers/STM32F0xx_HAL_Driver/Src/stm32f0xx_hal_spi.o
                0x08007890                HAL_SPI_IRQHandler
 .text.HAL_SPI_ErrorCallback
                0x08007a8c       0x10 ./Drivers/STM32F0xx_HAL_Driver/Src/stm32f0xx_hal_spi.o
                0x08007a8c                HAL_SPI_ErrorCallback
 .text.SPI_DMAAbortOnError
                0x08007a9c       0x2c ./Drivers/STM32F0xx_HAL_Driver/Src/stm32f0xx_hal_spi.o
 .text.SPI_WaitFlagStateUntilTimeout
                0x08007ac8      0x11c ./Drivers/STM32F0xx_HAL_Driver/Src/stm32f0xx_hal_spi.o
 .text.SPI_WaitFifoStateUntilTimeout
                0x08007be4      0x144 ./Drivers/STM32F0xx_HAL_Driver/Src/stm32f0xx_hal_spi.o
 .text.SPI_EndRxTxTransaction
                0x08007d28       0x8c ./Drivers/STM32F0xx_HAL_Driver/Src/stm32f0xx_hal_spi.o
 .text.HAL_TIM_Encoder_Init
                0x08007db4      0x150 ./Drivers/STM32F0xx_HAL_Driver/Src/stm32f0xx_hal_tim.o
                0x08007db4                HAL_TIM_Encoder_Init
 .text.HAL_TIM_Encoder_Start
                0x08007f04      0x148 ./Drivers/STM32F0xx_HAL_Driver/Src/stm32f0xx_hal_tim.o
                0x08007f04                HAL_TIM_Encoder_Start
 .text.TIM_Base_SetConfig
                0x0800804c      0x11c ./Drivers/STM32F0xx_HAL_Driver/Src/stm32f0xx_hal_tim.o
                0x0800804c                TIM_Base_SetConfig
 .text.TIM_CCxChannelCmd
                0x08008168       0x46 ./Drivers/STM32F0xx_HAL_Driver/Src/stm32f0xx_hal_tim.o
                0x08008168                TIM_CCxChannelCmd
 *fill*         0x080081ae        0x2 
 .text.HAL_TIMEx_MasterConfigSynchronization
                0x080081b0       0xbc ./Drivers/STM32F0xx_HAL_Driver/Src/stm32f0xx_hal_tim_ex.o
                0x080081b0                HAL_TIMEx_MasterConfigSynchronization
 .text.HAL_UART_Init
                0x0800826c       0xa8 ./Drivers/STM32F0xx_HAL_Driver/Src/stm32f0xx_hal_uart.o
                0x0800826c                HAL_UART_Init
 .text.HAL_UART_Transmit_IT
                0x08008314       0xe0 ./Drivers/STM32F0xx_HAL_Driver/Src/stm32f0xx_hal_uart.o
                0x08008314                HAL_UART_Transmit_IT
 .text.UART_SetConfig
                0x080083f4      0x310 ./Drivers/STM32F0xx_HAL_Driver/Src/stm32f0xx_hal_uart.o
                0x080083f4                UART_SetConfig
 .text.UART_AdvFeatureConfig
                0x08008704      0x168 ./Drivers/STM32F0xx_HAL_Driver/Src/stm32f0xx_hal_uart.o
                0x08008704                UART_AdvFeatureConfig
 .text.UART_CheckIdleState
                0x0800886c      0x150 ./Drivers/STM32F0xx_HAL_Driver/Src/stm32f0xx_hal_uart.o
                0x0800886c                UART_CheckIdleState
 .text.UART_WaitOnFlagUntilTimeout
                0x080089bc       0xde ./Drivers/STM32F0xx_HAL_Driver/Src/stm32f0xx_hal_uart.o
                0x080089bc                UART_WaitOnFlagUntilTimeout
 *fill*         0x08008a9a        0x2 
 .text.UART_EndRxTransfer
                0x08008a9c       0xc8 ./Drivers/STM32F0xx_HAL_Driver/Src/stm32f0xx_hal_uart.o
 .text.UART_TxISR_8BIT
                0x08008b64       0xb2 ./Drivers/STM32F0xx_HAL_Driver/Src/stm32f0xx_hal_uart.o
 .text.UART_TxISR_16BIT
                0x08008c16       0xbc ./Drivers/STM32F0xx_HAL_Driver/Src/stm32f0xx_hal_uart.o
 *fill*         0x08008cd2        0x2 
 .text.USB_EnableGlobalInt
                0x08008cd4       0x2c ./Drivers/STM32F0xx_HAL_Driver/Src/stm32f0xx_ll_usb.o
                0x08008cd4                USB_EnableGlobalInt
 .text.USB_DisableGlobalInt
                0x08008d00       0x34 ./Drivers/STM32F0xx_HAL_Driver/Src/stm32f0xx_ll_usb.o
                0x08008d00                USB_DisableGlobalInt
 .text.USB_DevInit
                0x08008d34       0x38 ./Drivers/STM32F0xx_HAL_Driver/Src/stm32f0xx_ll_usb.o
                0x08008d34                USB_DevInit
 .text.USB_ActivateEndpoint
                0x08008d6c      0x750 ./Drivers/STM32F0xx_HAL_Driver/Src/stm32f0xx_ll_usb.o
                0x08008d6c                USB_ActivateEndpoint
 .text.USB_DeactivateEndpoint
                0x080094bc      0x380 ./Drivers/STM32F0xx_HAL_Driver/Src/stm32f0xx_ll_usb.o
                0x080094bc                USB_DeactivateEndpoint
 .text.USB_EPStartXfer
                0x0800983c     0x1260 ./Drivers/STM32F0xx_HAL_Driver/Src/stm32f0xx_ll_usb.o
                0x0800983c                USB_EPStartXfer
 .text.USB_EPSetStall
                0x0800aa9c       0xa0 ./Drivers/STM32F0xx_HAL_Driver/Src/stm32f0xx_ll_usb.o
                0x0800aa9c                USB_EPSetStall
 .text.USB_EPClearStall
                0x0800ab3c      0x164 ./Drivers/STM32F0xx_HAL_Driver/Src/stm32f0xx_ll_usb.o
                0x0800ab3c                USB_EPClearStall
 .text.USB_SetDevAddress
                0x0800aca0       0x28 ./Drivers/STM32F0xx_HAL_Driver/Src/stm32f0xx_ll_usb.o
                0x0800aca0                USB_SetDevAddress
 .text.USB_DevConnect
                0x0800acc8       0x2c ./Drivers/STM32F0xx_HAL_Driver/Src/stm32f0xx_ll_usb.o
                0x0800acc8                USB_DevConnect
 .text.USB_ReadInterrupts
                0x0800acf4       0x1c ./Drivers/STM32F0xx_HAL_Driver/Src/stm32f0xx_ll_usb.o
                0x0800acf4                USB_ReadInterrupts
 .text.USB_WritePMA
                0x0800ad10       0x94 ./Drivers/STM32F0xx_HAL_Driver/Src/stm32f0xx_ll_usb.o
                0x0800ad10                USB_WritePMA
 .text.USB_ReadPMA
                0x0800ada4       0x9e ./Drivers/STM32F0xx_HAL_Driver/Src/stm32f0xx_ll_usb.o
                0x0800ada4                USB_ReadPMA
 .text.USBD_CUSTOM_HID_Init
                0x0800ae42       0x9a ./Middlewares/ST/STM32_USB_Device_Library/Class/CustomHID/Src/usbd_customhid.o
 .text.USBD_CUSTOM_HID_DeInit
                0x0800aedc       0x6c ./Middlewares/ST/STM32_USB_Device_Library/Class/CustomHID/Src/usbd_customhid.o
 .text.USBD_CUSTOM_HID_Setup
                0x0800af48      0x220 ./Middlewares/ST/STM32_USB_Device_Library/Class/CustomHID/Src/usbd_customhid.o
 .text.USBD_CUSTOM_HID_SendReport
                0x0800b168       0x54 ./Middlewares/ST/STM32_USB_Device_Library/Class/CustomHID/Src/usbd_customhid.o
                0x0800b168                USBD_CUSTOM_HID_SendReport
 .text.USBD_CUSTOM_HID_GetFSCfgDesc
                0x0800b1bc       0x1c ./Middlewares/ST/STM32_USB_Device_Library/Class/CustomHID/Src/usbd_customhid.o
 .text.USBD_CUSTOM_HID_GetHSCfgDesc
                0x0800b1d8       0x1c ./Middlewares/ST/STM32_USB_Device_Library/Class/CustomHID/Src/usbd_customhid.o
 .text.USBD_CUSTOM_HID_GetOtherSpeedCfgDesc
                0x0800b1f4       0x1c ./Middlewares/ST/STM32_USB_Device_Library/Class/CustomHID/Src/usbd_customhid.o
 .text.USBD_CUSTOM_HID_DataIn
                0x0800b210       0x26 ./Middlewares/ST/STM32_USB_Device_Library/Class/CustomHID/Src/usbd_customhid.o
 .text.USBD_CUSTOM_HID_DataOut
                0x0800b236       0x44 ./Middlewares/ST/STM32_USB_Device_Library/Class/CustomHID/Src/usbd_customhid.o
 .text.USBD_CUSTOM_HID_EP0_RxReady
                0x0800b27a       0x40 ./Middlewares/ST/STM32_USB_Device_Library/Class/CustomHID/Src/usbd_customhid.o
 *fill*         0x0800b2ba        0x2 
 .text.USBD_CUSTOM_HID_GetDeviceQualifierDesc
                0x0800b2bc       0x1c ./Middlewares/ST/STM32_USB_Device_Library/Class/CustomHID/Src/usbd_customhid.o
 .text.USBD_CUSTOM_HID_RegisterInterface
                0x0800b2d8       0x36 ./Middlewares/ST/STM32_USB_Device_Library/Class/CustomHID/Src/usbd_customhid.o
                0x0800b2d8                USBD_CUSTOM_HID_RegisterInterface
 .text.USBD_Init
                0x0800b30e       0x62 ./Middlewares/ST/STM32_USB_Device_Library/Core/Src/usbd_core.o
                0x0800b30e                USBD_Init
 .text.USBD_RegisterClass
                0x0800b370       0x40 ./Middlewares/ST/STM32_USB_Device_Library/Core/Src/usbd_core.o
                0x0800b370                USBD_RegisterClass
 .text.USBD_Start
                0x0800b3b0       0x1a ./Middlewares/ST/STM32_USB_Device_Library/Core/Src/usbd_core.o
                0x0800b3b0                USBD_Start
 .text.USBD_RunTestMode
                0x0800b3ca       0x12 ./Middlewares/ST/STM32_USB_Device_Library/Core/Src/usbd_core.o
                0x0800b3ca                USBD_RunTestMode
 .text.USBD_SetClassConfig
                0x0800b3dc       0x4e ./Middlewares/ST/STM32_USB_Device_Library/Core/Src/usbd_core.o
                0x0800b3dc                USBD_SetClassConfig
 .text.USBD_ClrClassConfig
                0x0800b42a       0x2c ./Middlewares/ST/STM32_USB_Device_Library/Core/Src/usbd_core.o
                0x0800b42a                USBD_ClrClassConfig
 *fill*         0x0800b456        0x2 
 .text.USBD_LL_SetupStage
                0x0800b458       0xbc ./Middlewares/ST/STM32_USB_Device_Library/Core/Src/usbd_core.o
                0x0800b458                USBD_LL_SetupStage
 .text.USBD_LL_DataOutStage
                0x0800b514      0x104 ./Middlewares/ST/STM32_USB_Device_Library/Core/Src/usbd_core.o
                0x0800b514                USBD_LL_DataOutStage
 .text.USBD_LL_DataInStage
                0x0800b618      0x17a ./Middlewares/ST/STM32_USB_Device_Library/Core/Src/usbd_core.o
                0x0800b618                USBD_LL_DataInStage
 .text.USBD_LL_Reset
                0x0800b792       0x90 ./Middlewares/ST/STM32_USB_Device_Library/Core/Src/usbd_core.o
                0x0800b792                USBD_LL_Reset
 .text.USBD_LL_SetSpeed
                0x0800b822       0x20 ./Middlewares/ST/STM32_USB_Device_Library/Core/Src/usbd_core.o
                0x0800b822                USBD_LL_SetSpeed
 *fill*         0x0800b842        0x2 
 .text.USBD_LL_Suspend
                0x0800b844       0x30 ./Middlewares/ST/STM32_USB_Device_Library/Core/Src/usbd_core.o
                0x0800b844                USBD_LL_Suspend
 .text.USBD_LL_Resume
                0x0800b874       0x30 ./Middlewares/ST/STM32_USB_Device_Library/Core/Src/usbd_core.o
                0x0800b874                USBD_LL_Resume
 .text.USBD_LL_SOF
                0x0800b8a4       0x3c ./Middlewares/ST/STM32_USB_Device_Library/Core/Src/usbd_core.o
                0x0800b8a4                USBD_LL_SOF
 .text.USBD_StdDevReq
                0x0800b8e0       0xe4 ./Middlewares/ST/STM32_USB_Device_Library/Core/Src/usbd_ctlreq.o
                0x0800b8e0                USBD_StdDevReq
 .text.USBD_StdItfReq
                0x0800b9c4       0xae ./Middlewares/ST/STM32_USB_Device_Library/Core/Src/usbd_ctlreq.o
                0x0800b9c4                USBD_StdItfReq
 .text.USBD_StdEPReq
                0x0800ba72      0x36c ./Middlewares/ST/STM32_USB_Device_Library/Core/Src/usbd_ctlreq.o
                0x0800ba72                USBD_StdEPReq
 *fill*         0x0800bdde        0x2 
 .text.USBD_GetDescriptor
                0x0800bde0      0x364 ./Middlewares/ST/STM32_USB_Device_Library/Core/Src/usbd_ctlreq.o
 .text.USBD_SetAddress
                0x0800c144       0xa8 ./Middlewares/ST/STM32_USB_Device_Library/Core/Src/usbd_ctlreq.o
 .text.USBD_SetConfig
                0x0800c1ec      0x148 ./Middlewares/ST/STM32_USB_Device_Library/Core/Src/usbd_ctlreq.o
 .text.USBD_GetConfig
                0x0800c334       0x76 ./Middlewares/ST/STM32_USB_Device_Library/Core/Src/usbd_ctlreq.o
 .text.USBD_GetStatus
                0x0800c3aa       0x74 ./Middlewares/ST/STM32_USB_Device_Library/Core/Src/usbd_ctlreq.o
 .text.USBD_SetFeature
                0x0800c41e       0x2c ./Middlewares/ST/STM32_USB_Device_Library/Core/Src/usbd_ctlreq.o
 .text.USBD_ClrFeature
                0x0800c44a       0x4c ./Middlewares/ST/STM32_USB_Device_Library/Core/Src/usbd_ctlreq.o
 .text.USBD_ParseSetupRequest
                0x0800c496       0x70 ./Middlewares/ST/STM32_USB_Device_Library/Core/Src/usbd_ctlreq.o
                0x0800c496                USBD_ParseSetupRequest
 .text.USBD_CtlError
                0x0800c506       0x26 ./Middlewares/ST/STM32_USB_Device_Library/Core/Src/usbd_ctlreq.o
                0x0800c506                USBD_CtlError
 .text.USBD_GetString
                0x0800c52c       0x9c ./Middlewares/ST/STM32_USB_Device_Library/Core/Src/usbd_ctlreq.o
                0x0800c52c                USBD_GetString
 .text.USBD_GetLen
                0x0800c5c8       0x3a ./Middlewares/ST/STM32_USB_Device_Library/Core/Src/usbd_ctlreq.o
 .text.USBD_CtlSendData
                0x0800c602       0x40 ./Middlewares/ST/STM32_USB_Device_Library/Core/Src/usbd_ioreq.o
                0x0800c602                USBD_CtlSendData
 .text.USBD_CtlContinueSendData
                0x0800c642       0x26 ./Middlewares/ST/STM32_USB_Device_Library/Core/Src/usbd_ioreq.o
                0x0800c642                USBD_CtlContinueSendData
 .text.USBD_CtlPrepareRx
                0x0800c668       0x48 ./Middlewares/ST/STM32_USB_Device_Library/Core/Src/usbd_ioreq.o
                0x0800c668                USBD_CtlPrepareRx
 .text.USBD_CtlContinueRx
                0x0800c6b0       0x26 ./Middlewares/ST/STM32_USB_Device_Library/Core/Src/usbd_ioreq.o
                0x0800c6b0                USBD_CtlContinueRx
 .text.USBD_CtlSendStatus
                0x0800c6d6       0x28 ./Middlewares/ST/STM32_USB_Device_Library/Core/Src/usbd_ioreq.o
                0x0800c6d6                USBD_CtlSendStatus
 .text.USBD_CtlReceiveStatus
                0x0800c6fe       0x28 ./Middlewares/ST/STM32_USB_Device_Library/Core/Src/usbd_ioreq.o
                0x0800c6fe                USBD_CtlReceiveStatus
 *fill*         0x0800c726        0x2 
 .text.MX_USB_DEVICE_Init
                0x0800c728       0x68 ./USB_DEVICE/App/usb_device.o
                0x0800c728                MX_USB_DEVICE_Init
 .text.CUSTOM_HID_Init_FS
                0x0800c790       0x1c ./USB_DEVICE/App/usbd_custom_hid_if.o
 .text.CUSTOM_HID_DeInit_FS
                0x0800c7ac        0xc ./USB_DEVICE/App/usbd_custom_hid_if.o
 .text.CUSTOM_HID_OutEvent_FS
                0x0800c7b8       0x6c ./USB_DEVICE/App/usbd_custom_hid_if.o
 .text.USBD_FS_DeviceDescriptor
                0x0800c824       0x24 ./USB_DEVICE/App/usbd_desc.o
                0x0800c824                USBD_FS_DeviceDescriptor
 .text.USBD_FS_LangIDStrDescriptor
                0x0800c848       0x24 ./USB_DEVICE/App/usbd_desc.o
                0x0800c848                USBD_FS_LangIDStrDescriptor
 .text.USBD_FS_ProductStrDescriptor
                0x0800c86c       0x44 ./USB_DEVICE/App/usbd_desc.o
                0x0800c86c                USBD_FS_ProductStrDescriptor
 .text.USBD_FS_ManufacturerStrDescriptor
                0x0800c8b0       0x2c ./USB_DEVICE/App/usbd_desc.o
                0x0800c8b0                USBD_FS_ManufacturerStrDescriptor
 .text.USBD_FS_SerialStrDescriptor
                0x0800c8dc       0x28 ./USB_DEVICE/App/usbd_desc.o
                0x0800c8dc                USBD_FS_SerialStrDescriptor
 .text.USBD_FS_ConfigStrDescriptor
                0x0800c904       0x44 ./USB_DEVICE/App/usbd_desc.o
                0x0800c904                USBD_FS_ConfigStrDescriptor
 .text.USBD_FS_InterfaceStrDescriptor
                0x0800c948       0x44 ./USB_DEVICE/App/usbd_desc.o
                0x0800c948                USBD_FS_InterfaceStrDescriptor
 .text.Get_SerialNum
                0x0800c98c       0x5c ./USB_DEVICE/App/usbd_desc.o
 .text.IntToUnicode
                0x0800c9e8       0x96 ./USB_DEVICE/App/usbd_desc.o
 *fill*         0x0800ca7e        0x2 
 .text.HAL_PCD_MspInit
                0x0800ca80       0x50 ./USB_DEVICE/Target/usbd_conf.o
                0x0800ca80                HAL_PCD_MspInit
 .text.HAL_PCD_SetupStageCallback
                0x0800cad0       0x2a ./USB_DEVICE/Target/usbd_conf.o
                0x0800cad0                HAL_PCD_SetupStageCallback
 .text.HAL_PCD_DataOutStageCallback
                0x0800cafa       0x42 ./USB_DEVICE/Target/usbd_conf.o
                0x0800cafa                HAL_PCD_DataOutStageCallback
 .text.HAL_PCD_DataInStageCallback
                0x0800cb3c       0x3c ./USB_DEVICE/Target/usbd_conf.o
                0x0800cb3c                HAL_PCD_DataInStageCallback
 .text.HAL_PCD_SOFCallback
                0x0800cb78       0x1e ./USB_DEVICE/Target/usbd_conf.o
                0x0800cb78                HAL_PCD_SOFCallback
 .text.HAL_PCD_ResetCallback
                0x0800cb96       0x48 ./USB_DEVICE/Target/usbd_conf.o
                0x0800cb96                HAL_PCD_ResetCallback
 *fill*         0x0800cbde        0x2 
 .text.HAL_PCD_SuspendCallback
                0x0800cbe0       0x38 ./USB_DEVICE/Target/usbd_conf.o
                0x0800cbe0                HAL_PCD_SuspendCallback
 .text.HAL_PCD_ResumeCallback
                0x0800cc18       0x3c ./USB_DEVICE/Target/usbd_conf.o
                0x0800cc18                HAL_PCD_ResumeCallback
 .text.USBD_LL_Init
                0x0800cc54       0xb0 ./USB_DEVICE/Target/usbd_conf.o
                0x0800cc54                USBD_LL_Init
 .text.USBD_LL_Start
                0x0800cd04       0x4a ./USB_DEVICE/Target/usbd_conf.o
                0x0800cd04                USBD_LL_Start
 .text.USBD_LL_OpenEP
                0x0800cd4e       0x6e ./USB_DEVICE/Target/usbd_conf.o
                0x0800cd4e                USBD_LL_OpenEP
 .text.USBD_LL_CloseEP
                0x0800cdbc       0x56 ./USB_DEVICE/Target/usbd_conf.o
                0x0800cdbc                USBD_LL_CloseEP
 .text.USBD_LL_StallEP
                0x0800ce12       0x56 ./USB_DEVICE/Target/usbd_conf.o
                0x0800ce12                USBD_LL_StallEP
 .text.USBD_LL_ClearStallEP
                0x0800ce68       0x56 ./USB_DEVICE/Target/usbd_conf.o
                0x0800ce68                USBD_LL_ClearStallEP
 .text.USBD_LL_IsStallEP
                0x0800cebe       0x60 ./USB_DEVICE/Target/usbd_conf.o
                0x0800cebe                USBD_LL_IsStallEP
 .text.USBD_LL_SetUSBAddress
                0x0800cf1e       0x56 ./USB_DEVICE/Target/usbd_conf.o
                0x0800cf1e                USBD_LL_SetUSBAddress
 .text.USBD_LL_Transmit
                0x0800cf74       0x6e ./USB_DEVICE/Target/usbd_conf.o
                0x0800cf74                USBD_LL_Transmit
 .text.USBD_LL_PrepareReceive
                0x0800cfe2       0x6e ./USB_DEVICE/Target/usbd_conf.o
                0x0800cfe2                USBD_LL_PrepareReceive
 .text.USBD_static_malloc
                0x0800d050       0x18 ./USB_DEVICE/Target/usbd_conf.o
                0x0800d050                USBD_static_malloc
 .text.USBD_static_free
                0x0800d068       0x10 ./USB_DEVICE/Target/usbd_conf.o
                0x0800d068                USBD_static_free
 .text.SystemClockConfig_Resume
                0x0800d078        0xe ./USB_DEVICE/Target/usbd_conf.o
 .text.USBD_Get_USB_Status
                0x0800d086       0x6e ./USB_DEVICE/Target/usbd_conf.o
 .text.SSD1322_API_command
                0x0800d0f4       0x2a ./myLibs/SSD1322_OLED_library/SSD1322_OLED_lib/SSD1322_API.o
                0x0800d0f4                SSD1322_API_command
 .text.SSD1322_API_data
                0x0800d11e       0x2a ./myLibs/SSD1322_OLED_library/SSD1322_OLED_lib/SSD1322_API.o
                0x0800d11e                SSD1322_API_data
 .text.SSD1322_API_init
                0x0800d148      0x11a ./myLibs/SSD1322_OLED_library/SSD1322_OLED_lib/SSD1322_API.o
                0x0800d148                SSD1322_API_init
 .text.SSD1322_API_set_window
                0x0800d262       0x6a ./myLibs/SSD1322_OLED_library/SSD1322_OLED_lib/SSD1322_API.o
                0x0800d262                SSD1322_API_set_window
 .text.SSD1322_API_send_buffer
                0x0800d2cc       0x30 ./myLibs/SSD1322_OLED_library/SSD1322_OLED_lib/SSD1322_API.o
                0x0800d2cc                SSD1322_API_send_buffer
 .text.draw_pixel
                0x0800d2fc      0x13c ./myLibs/SSD1322_OLED_library/SSD1322_OLED_lib/SSD1322_GFX.o
                0x0800d2fc                draw_pixel
 .text.select_font
                0x0800d438       0x1c ./myLibs/SSD1322_OLED_library/SSD1322_OLED_lib/SSD1322_GFX.o
                0x0800d438                select_font
 .text.draw_char
                0x0800d454      0x194 ./myLibs/SSD1322_OLED_library/SSD1322_OLED_lib/SSD1322_GFX.o
                0x0800d454                draw_char
 .text.draw_text
                0x0800d5e8       0x78 ./myLibs/SSD1322_OLED_library/SSD1322_OLED_lib/SSD1322_GFX.o
                0x0800d5e8                draw_text
 .text.send_buffer_to_OLED
                0x0800d660       0x4a ./myLibs/SSD1322_OLED_library/SSD1322_OLED_lib/SSD1322_GFX.o
                0x0800d660                send_buffer_to_OLED
 *fill*         0x0800d6aa        0x2 
 .text.SSD1322_HW_drive_CS_low
                0x0800d6ac       0x1c ./myLibs/SSD1322_OLED_library/SSD1322_OLED_lib/SSD1322_HW_Driver.o
                0x0800d6ac                SSD1322_HW_drive_CS_low
 .text.SSD1322_HW_drive_CS_high
                0x0800d6c8       0x1c ./myLibs/SSD1322_OLED_library/SSD1322_OLED_lib/SSD1322_HW_Driver.o
                0x0800d6c8                SSD1322_HW_drive_CS_high
 .text.SSD1322_HW_drive_DC_low
                0x0800d6e4       0x1c ./myLibs/SSD1322_OLED_library/SSD1322_OLED_lib/SSD1322_HW_Driver.o
                0x0800d6e4                SSD1322_HW_drive_DC_low
 .text.SSD1322_HW_drive_DC_high
                0x0800d700       0x1c ./myLibs/SSD1322_OLED_library/SSD1322_OLED_lib/SSD1322_HW_Driver.o
                0x0800d700                SSD1322_HW_drive_DC_high
 .text.SSD1322_HW_drive_RESET_low
                0x0800d71c       0x1c ./myLibs/SSD1322_OLED_library/SSD1322_OLED_lib/SSD1322_HW_Driver.o
                0x0800d71c                SSD1322_HW_drive_RESET_low
 .text.SSD1322_HW_drive_RESET_high
                0x0800d738       0x1c ./myLibs/SSD1322_OLED_library/SSD1322_OLED_lib/SSD1322_HW_Driver.o
                0x0800d738                SSD1322_HW_drive_RESET_high
 .text.SSD1322_HW_SPI_send_byte
                0x0800d754       0x24 ./myLibs/SSD1322_OLED_library/SSD1322_OLED_lib/SSD1322_HW_Driver.o
                0x0800d754                SSD1322_HW_SPI_send_byte
 .text.SSD1322_HW_SPI_send_array
                0x0800d778       0x24 ./myLibs/SSD1322_OLED_library/SSD1322_OLED_lib/SSD1322_HW_Driver.o
                0x0800d778                SSD1322_HW_SPI_send_array
 .text.SSD1322_HW_msDelay
                0x0800d79c       0x18 ./myLibs/SSD1322_OLED_library/SSD1322_OLED_lib/SSD1322_HW_Driver.o
                0x0800d79c                SSD1322_HW_msDelay
 .text.setIntBufer
                0x0800d7b4       0x88 ./stm32f0perif/Src/otherFunc.o
                0x0800d7b4                setIntBufer
 .text.UartPrint
                0x0800d83c       0x26 ./stm32f0perif/Src/uart.o
                0x0800d83c                UartPrint
 *fill*         0x0800d862        0x2 
 .text.UartPrintInt
                0x0800d864      0x134 ./stm32f0perif/Src/uart.o
                0x0800d864                UartPrintInt
 .text.UartPrintString
                0x0800d998       0x48 ./stm32f0perif/Src/uart.o
                0x0800d998                UartPrintString
 .text.__cvt    0x0800d9e0       0xcc C:/Program Files/STM32CubeIDE_1.14.1/STM32CubeIDE/plugins/com.st.stm32cube.ide.mcu.externaltools.gnu-tools-for-stm32.13.3.rel1.win32_1.0.0.202411081344/tools/bin/../lib/gcc/arm-none-eabi/13.3.1/../../../../arm-none-eabi/lib/thumb/v6-m/nofp\libc_nano.a(libc_a-nano-vfprintf_float.o)
                0x0800d9e0                __cvt
 .text.__exponent
                0x0800daac       0x7e C:/Program Files/STM32CubeIDE_1.14.1/STM32CubeIDE/plugins/com.st.stm32cube.ide.mcu.externaltools.gnu-tools-for-stm32.13.3.rel1.win32_1.0.0.202411081344/tools/bin/../lib/gcc/arm-none-eabi/13.3.1/../../../../arm-none-eabi/lib/thumb/v6-m/nofp\libc_nano.a(libc_a-nano-vfprintf_float.o)
                0x0800daac                __exponent
 *fill*         0x0800db2a        0x2 
 .text._printf_float
                0x0800db2c      0x47c C:/Program Files/STM32CubeIDE_1.14.1/STM32CubeIDE/plugins/com.st.stm32cube.ide.mcu.externaltools.gnu-tools-for-stm32.13.3.rel1.win32_1.0.0.202411081344/tools/bin/../lib/gcc/arm-none-eabi/13.3.1/../../../../arm-none-eabi/lib/thumb/v6-m/nofp\libc_nano.a(libc_a-nano-vfprintf_float.o)
                0x0800db2c                _printf_float
 .text._printf_common
                0x0800dfa8       0xde C:/Program Files/STM32CubeIDE_1.14.1/STM32CubeIDE/plugins/com.st.stm32cube.ide.mcu.externaltools.gnu-tools-for-stm32.13.3.rel1.win32_1.0.0.202411081344/tools/bin/../lib/gcc/arm-none-eabi/13.3.1/../../../../arm-none-eabi/lib/thumb/v6-m/nofp\libc_nano.a(libc_a-nano-vfprintf_i.o)
                0x0800dfa8                _printf_common
 *fill*         0x0800e086        0x2 
 .text._printf_i
                0x0800e088      0x218 C:/Program Files/STM32CubeIDE_1.14.1/STM32CubeIDE/plugins/com.st.stm32cube.ide.mcu.externaltools.gnu-tools-for-stm32.13.3.rel1.win32_1.0.0.202411081344/tools/bin/../lib/gcc/arm-none-eabi/13.3.1/../../../../arm-none-eabi/lib/thumb/v6-m/nofp\libc_nano.a(libc_a-nano-vfprintf_i.o)
                0x0800e088                _printf_i
 .text.std      0x0800e2a0       0x6c C:/Program Files/STM32CubeIDE_1.14.1/STM32CubeIDE/plugins/com.st.stm32cube.ide.mcu.externaltools.gnu-tools-for-stm32.13.3.rel1.win32_1.0.0.202411081344/tools/bin/../lib/gcc/arm-none-eabi/13.3.1/../../../../arm-none-eabi/lib/thumb/v6-m/nofp\libc_nano.a(libc_a-findfp.o)
 .text.stdio_exit_handler
                0x0800e30c       0x1c C:/Program Files/STM32CubeIDE_1.14.1/STM32CubeIDE/plugins/com.st.stm32cube.ide.mcu.externaltools.gnu-tools-for-stm32.13.3.rel1.win32_1.0.0.202411081344/tools/bin/../lib/gcc/arm-none-eabi/13.3.1/../../../../arm-none-eabi/lib/thumb/v6-m/nofp\libc_nano.a(libc_a-findfp.o)
 .text.cleanup_stdio
                0x0800e328       0x3c C:/Program Files/STM32CubeIDE_1.14.1/STM32CubeIDE/plugins/com.st.stm32cube.ide.mcu.externaltools.gnu-tools-for-stm32.13.3.rel1.win32_1.0.0.202411081344/tools/bin/../lib/gcc/arm-none-eabi/13.3.1/../../../../arm-none-eabi/lib/thumb/v6-m/nofp\libc_nano.a(libc_a-findfp.o)
 .text.global_stdio_init.part.0
                0x0800e364       0x3c C:/Program Files/STM32CubeIDE_1.14.1/STM32CubeIDE/plugins/com.st.stm32cube.ide.mcu.externaltools.gnu-tools-for-stm32.13.3.rel1.win32_1.0.0.202411081344/tools/bin/../lib/gcc/arm-none-eabi/13.3.1/../../../../arm-none-eabi/lib/thumb/v6-m/nofp\libc_nano.a(libc_a-findfp.o)
 .text.__sfp_lock_acquire
                0x0800e3a0       0x10 C:/Program Files/STM32CubeIDE_1.14.1/STM32CubeIDE/plugins/com.st.stm32cube.ide.mcu.externaltools.gnu-tools-for-stm32.13.3.rel1.win32_1.0.0.202411081344/tools/bin/../lib/gcc/arm-none-eabi/13.3.1/../../../../arm-none-eabi/lib/thumb/v6-m/nofp\libc_nano.a(libc_a-findfp.o)
                0x0800e3a0                __sfp_lock_acquire
 .text.__sfp_lock_release
                0x0800e3b0       0x10 C:/Program Files/STM32CubeIDE_1.14.1/STM32CubeIDE/plugins/com.st.stm32cube.ide.mcu.externaltools.gnu-tools-for-stm32.13.3.rel1.win32_1.0.0.202411081344/tools/bin/../lib/gcc/arm-none-eabi/13.3.1/../../../../arm-none-eabi/lib/thumb/v6-m/nofp\libc_nano.a(libc_a-findfp.o)
                0x0800e3b0                __sfp_lock_release
 .text.__sinit  0x0800e3c0       0x30 C:/Program Files/STM32CubeIDE_1.14.1/STM32CubeIDE/plugins/com.st.stm32cube.ide.mcu.externaltools.gnu-tools-for-stm32.13.3.rel1.win32_1.0.0.202411081344/tools/bin/../lib/gcc/arm-none-eabi/13.3.1/../../../../arm-none-eabi/lib/thumb/v6-m/nofp\libc_nano.a(libc_a-findfp.o)
                0x0800e3c0                __sinit
 .text._fwalk_sglue
                0x0800e3f0       0x38 C:/Program Files/STM32CubeIDE_1.14.1/STM32CubeIDE/plugins/com.st.stm32cube.ide.mcu.externaltools.gnu-tools-for-stm32.13.3.rel1.win32_1.0.0.202411081344/tools/bin/../lib/gcc/arm-none-eabi/13.3.1/../../../../arm-none-eabi/lib/thumb/v6-m/nofp\libc_nano.a(libc_a-fwalk.o)
                0x0800e3f0                _fwalk_sglue
 .text.__sread  0x0800e428       0x28 C:/Program Files/STM32CubeIDE_1.14.1/STM32CubeIDE/plugins/com.st.stm32cube.ide.mcu.externaltools.gnu-tools-for-stm32.13.3.rel1.win32_1.0.0.202411081344/tools/bin/../lib/gcc/arm-none-eabi/13.3.1/../../../../arm-none-eabi/lib/thumb/v6-m/nofp\libc_nano.a(libc_a-stdio.o)
                0x0800e428                __sread
 .text.__swrite
                0x0800e450       0x38 C:/Program Files/STM32CubeIDE_1.14.1/STM32CubeIDE/plugins/com.st.stm32cube.ide.mcu.externaltools.gnu-tools-for-stm32.13.3.rel1.win32_1.0.0.202411081344/tools/bin/../lib/gcc/arm-none-eabi/13.3.1/../../../../arm-none-eabi/lib/thumb/v6-m/nofp\libc_nano.a(libc_a-stdio.o)
                0x0800e450                __swrite
 .text.__sseek  0x0800e488       0x2c C:/Program Files/STM32CubeIDE_1.14.1/STM32CubeIDE/plugins/com.st.stm32cube.ide.mcu.externaltools.gnu-tools-for-stm32.13.3.rel1.win32_1.0.0.202411081344/tools/bin/../lib/gcc/arm-none-eabi/13.3.1/../../../../arm-none-eabi/lib/thumb/v6-m/nofp\libc_nano.a(libc_a-stdio.o)
                0x0800e488                __sseek
 .text.__sclose
                0x0800e4b4        0xc C:/Program Files/STM32CubeIDE_1.14.1/STM32CubeIDE/plugins/com.st.stm32cube.ide.mcu.externaltools.gnu-tools-for-stm32.13.3.rel1.win32_1.0.0.202411081344/tools/bin/../lib/gcc/arm-none-eabi/13.3.1/../../../../arm-none-eabi/lib/thumb/v6-m/nofp\libc_nano.a(libc_a-stdio.o)
                0x0800e4b4                __sclose
 .text.memset   0x0800e4c0       0x10 C:/Program Files/STM32CubeIDE_1.14.1/STM32CubeIDE/plugins/com.st.stm32cube.ide.mcu.externaltools.gnu-tools-for-stm32.13.3.rel1.win32_1.0.0.202411081344/tools/bin/../lib/gcc/arm-none-eabi/13.3.1/../../../../arm-none-eabi/lib/thumb/v6-m/nofp\libc_nano.a(libc_a-memset.o)
                0x0800e4c0                memset
 .text._localeconv_r
                0x0800e4d0        0x8 C:/Program Files/STM32CubeIDE_1.14.1/STM32CubeIDE/plugins/com.st.stm32cube.ide.mcu.externaltools.gnu-tools-for-stm32.13.3.rel1.win32_1.0.0.202411081344/tools/bin/../lib/gcc/arm-none-eabi/13.3.1/../../../../arm-none-eabi/lib/thumb/v6-m/nofp\libc_nano.a(libc_a-localeconv.o)
                0x0800e4d0                _localeconv_r
 .text._close_r
                0x0800e4d8       0x24 C:/Program Files/STM32CubeIDE_1.14.1/STM32CubeIDE/plugins/com.st.stm32cube.ide.mcu.externaltools.gnu-tools-for-stm32.13.3.rel1.win32_1.0.0.202411081344/tools/bin/../lib/gcc/arm-none-eabi/13.3.1/../../../../arm-none-eabi/lib/thumb/v6-m/nofp\libc_nano.a(libc_a-closer.o)
                0x0800e4d8                _close_r
 .text._lseek_r
                0x0800e4fc       0x28 C:/Program Files/STM32CubeIDE_1.14.1/STM32CubeIDE/plugins/com.st.stm32cube.ide.mcu.externaltools.gnu-tools-for-stm32.13.3.rel1.win32_1.0.0.202411081344/tools/bin/../lib/gcc/arm-none-eabi/13.3.1/../../../../arm-none-eabi/lib/thumb/v6-m/nofp\libc_nano.a(libc_a-lseekr.o)
                0x0800e4fc                _lseek_r
 .text._read_r  0x0800e524       0x28 C:/Program Files/STM32CubeIDE_1.14.1/STM32CubeIDE/plugins/com.st.stm32cube.ide.mcu.externaltools.gnu-tools-for-stm32.13.3.rel1.win32_1.0.0.202411081344/tools/bin/../lib/gcc/arm-none-eabi/13.3.1/../../../../arm-none-eabi/lib/thumb/v6-m/nofp\libc_nano.a(libc_a-readr.o)
                0x0800e524                _read_r
 .text._write_r
                0x0800e54c       0x28 C:/Program Files/STM32CubeIDE_1.14.1/STM32CubeIDE/plugins/com.st.stm32cube.ide.mcu.externaltools.gnu-tools-for-stm32.13.3.rel1.win32_1.0.0.202411081344/tools/bin/../lib/gcc/arm-none-eabi/13.3.1/../../../../arm-none-eabi/lib/thumb/v6-m/nofp\libc_nano.a(libc_a-writer.o)
                0x0800e54c                _write_r
 .text.__errno  0x0800e574        0xc C:/Program Files/STM32CubeIDE_1.14.1/STM32CubeIDE/plugins/com.st.stm32cube.ide.mcu.externaltools.gnu-tools-for-stm32.13.3.rel1.win32_1.0.0.202411081344/tools/bin/../lib/gcc/arm-none-eabi/13.3.1/../../../../arm-none-eabi/lib/thumb/v6-m/nofp\libc_nano.a(libc_a-errno.o)
                0x0800e574                __errno
 .text.__libc_init_array
                0x0800e580       0x48 C:/Program Files/STM32CubeIDE_1.14.1/STM32CubeIDE/plugins/com.st.stm32cube.ide.mcu.externaltools.gnu-tools-for-stm32.13.3.rel1.win32_1.0.0.202411081344/tools/bin/../lib/gcc/arm-none-eabi/13.3.1/../../../../arm-none-eabi/lib/thumb/v6-m/nofp\libc_nano.a(libc_a-init.o)
                0x0800e580                __libc_init_array
 .text.__retarget_lock_init_recursive
                0x0800e5c8        0x2 C:/Program Files/STM32CubeIDE_1.14.1/STM32CubeIDE/plugins/com.st.stm32cube.ide.mcu.externaltools.gnu-tools-for-stm32.13.3.rel1.win32_1.0.0.202411081344/tools/bin/../lib/gcc/arm-none-eabi/13.3.1/../../../../arm-none-eabi/lib/thumb/v6-m/nofp\libc_nano.a(libc_a-lock.o)
                0x0800e5c8                __retarget_lock_init_recursive
 .text.__retarget_lock_acquire_recursive
                0x0800e5ca        0x2 C:/Program Files/STM32CubeIDE_1.14.1/STM32CubeIDE/plugins/com.st.stm32cube.ide.mcu.externaltools.gnu-tools-for-stm32.13.3.rel1.win32_1.0.0.202411081344/tools/bin/../lib/gcc/arm-none-eabi/13.3.1/../../../../arm-none-eabi/lib/thumb/v6-m/nofp\libc_nano.a(libc_a-lock.o)
                0x0800e5ca                __retarget_lock_acquire_recursive
 .text.__retarget_lock_release_recursive
                0x0800e5cc        0x2 C:/Program Files/STM32CubeIDE_1.14.1/STM32CubeIDE/plugins/com.st.stm32cube.ide.mcu.externaltools.gnu-tools-for-stm32.13.3.rel1.win32_1.0.0.202411081344/tools/bin/../lib/gcc/arm-none-eabi/13.3.1/../../../../arm-none-eabi/lib/thumb/v6-m/nofp\libc_nano.a(libc_a-lock.o)
                0x0800e5cc                __retarget_lock_release_recursive
 .text.memchr   0x0800e5ce       0x16 C:/Program Files/STM32CubeIDE_1.14.1/STM32CubeIDE/plugins/com.st.stm32cube.ide.mcu.externaltools.gnu-tools-for-stm32.13.3.rel1.win32_1.0.0.202411081344/tools/bin/../lib/gcc/arm-none-eabi/13.3.1/../../../../arm-none-eabi/lib/thumb/v6-m/nofp\libc_nano.a(libc_a-memchr-stub.o)
                0x0800e5ce                memchr
 .text.quorem   0x0800e5e4      0x10a C:/Program Files/STM32CubeIDE_1.14.1/STM32CubeIDE/plugins/com.st.stm32cube.ide.mcu.externaltools.gnu-tools-for-stm32.13.3.rel1.win32_1.0.0.202411081344/tools/bin/../lib/gcc/arm-none-eabi/13.3.1/../../../../arm-none-eabi/lib/thumb/v6-m/nofp\libc_nano.a(libc_a-dtoa.o)
 *fill*         0x0800e6ee        0x2 
 .text._dtoa_r  0x0800e6f0      0xbe0 C:/Program Files/STM32CubeIDE_1.14.1/STM32CubeIDE/plugins/com.st.stm32cube.ide.mcu.externaltools.gnu-tools-for-stm32.13.3.rel1.win32_1.0.0.202411081344/tools/bin/../lib/gcc/arm-none-eabi/13.3.1/../../../../arm-none-eabi/lib/thumb/v6-m/nofp\libc_nano.a(libc_a-dtoa.o)
                0x0800e6f0                _dtoa_r
 .text._free_r  0x0800f2d0       0x94 C:/Program Files/STM32CubeIDE_1.14.1/STM32CubeIDE/plugins/com.st.stm32cube.ide.mcu.externaltools.gnu-tools-for-stm32.13.3.rel1.win32_1.0.0.202411081344/tools/bin/../lib/gcc/arm-none-eabi/13.3.1/../../../../arm-none-eabi/lib/thumb/v6-m/nofp\libc_nano.a(libc_a-freer.o)
                0x0800f2d0                _free_r
 .text.malloc   0x0800f364       0x14 C:/Program Files/STM32CubeIDE_1.14.1/STM32CubeIDE/plugins/com.st.stm32cube.ide.mcu.externaltools.gnu-tools-for-stm32.13.3.rel1.win32_1.0.0.202411081344/tools/bin/../lib/gcc/arm-none-eabi/13.3.1/../../../../arm-none-eabi/lib/thumb/v6-m/nofp\libc_nano.a(libc_a-malloc.o)
                0x0800f364                malloc
 .text.sbrk_aligned
                0x0800f378       0x44 C:/Program Files/STM32CubeIDE_1.14.1/STM32CubeIDE/plugins/com.st.stm32cube.ide.mcu.externaltools.gnu-tools-for-stm32.13.3.rel1.win32_1.0.0.202411081344/tools/bin/../lib/gcc/arm-none-eabi/13.3.1/../../../../arm-none-eabi/lib/thumb/v6-m/nofp\libc_nano.a(libc_a-mallocr.o)
 .text._malloc_r
                0x0800f3bc      0x100 C:/Program Files/STM32CubeIDE_1.14.1/STM32CubeIDE/plugins/com.st.stm32cube.ide.mcu.externaltools.gnu-tools-for-stm32.13.3.rel1.win32_1.0.0.202411081344/tools/bin/../lib/gcc/arm-none-eabi/13.3.1/../../../../arm-none-eabi/lib/thumb/v6-m/nofp\libc_nano.a(libc_a-mallocr.o)
                0x0800f3bc                _malloc_r
 .text.__malloc_lock
                0x0800f4bc       0x10 C:/Program Files/STM32CubeIDE_1.14.1/STM32CubeIDE/plugins/com.st.stm32cube.ide.mcu.externaltools.gnu-tools-for-stm32.13.3.rel1.win32_1.0.0.202411081344/tools/bin/../lib/gcc/arm-none-eabi/13.3.1/../../../../arm-none-eabi/lib/thumb/v6-m/nofp\libc_nano.a(libc_a-mlock.o)
                0x0800f4bc                __malloc_lock
 .text.__malloc_unlock
                0x0800f4cc       0x10 C:/Program Files/STM32CubeIDE_1.14.1/STM32CubeIDE/plugins/com.st.stm32cube.ide.mcu.externaltools.gnu-tools-for-stm32.13.3.rel1.win32_1.0.0.202411081344/tools/bin/../lib/gcc/arm-none-eabi/13.3.1/../../../../arm-none-eabi/lib/thumb/v6-m/nofp\libc_nano.a(libc_a-mlock.o)
                0x0800f4cc                __malloc_unlock
 .text._Balloc  0x0800f4dc       0x88 C:/Program Files/STM32CubeIDE_1.14.1/STM32CubeIDE/plugins/com.st.stm32cube.ide.mcu.externaltools.gnu-tools-for-stm32.13.3.rel1.win32_1.0.0.202411081344/tools/bin/../lib/gcc/arm-none-eabi/13.3.1/../../../../arm-none-eabi/lib/thumb/v6-m/nofp\libc_nano.a(libc_a-mprec.o)
                0x0800f4dc                _Balloc
 .text._Bfree   0x0800f564       0x48 C:/Program Files/STM32CubeIDE_1.14.1/STM32CubeIDE/plugins/com.st.stm32cube.ide.mcu.externaltools.gnu-tools-for-stm32.13.3.rel1.win32_1.0.0.202411081344/tools/bin/../lib/gcc/arm-none-eabi/13.3.1/../../../../arm-none-eabi/lib/thumb/v6-m/nofp\libc_nano.a(libc_a-mprec.o)
                0x0800f564                _Bfree
 .text.__multadd
                0x0800f5ac       0x88 C:/Program Files/STM32CubeIDE_1.14.1/STM32CubeIDE/plugins/com.st.stm32cube.ide.mcu.externaltools.gnu-tools-for-stm32.13.3.rel1.win32_1.0.0.202411081344/tools/bin/../lib/gcc/arm-none-eabi/13.3.1/../../../../arm-none-eabi/lib/thumb/v6-m/nofp\libc_nano.a(libc_a-mprec.o)
                0x0800f5ac                __multadd
 .text.__hi0bits
                0x0800f634       0x42 C:/Program Files/STM32CubeIDE_1.14.1/STM32CubeIDE/plugins/com.st.stm32cube.ide.mcu.externaltools.gnu-tools-for-stm32.13.3.rel1.win32_1.0.0.202411081344/tools/bin/../lib/gcc/arm-none-eabi/13.3.1/../../../../arm-none-eabi/lib/thumb/v6-m/nofp\libc_nano.a(libc_a-mprec.o)
                0x0800f634                __hi0bits
 .text.__lo0bits
                0x0800f676       0x5c C:/Program Files/STM32CubeIDE_1.14.1/STM32CubeIDE/plugins/com.st.stm32cube.ide.mcu.externaltools.gnu-tools-for-stm32.13.3.rel1.win32_1.0.0.202411081344/tools/bin/../lib/gcc/arm-none-eabi/13.3.1/../../../../arm-none-eabi/lib/thumb/v6-m/nofp\libc_nano.a(libc_a-mprec.o)
                0x0800f676                __lo0bits
 *fill*         0x0800f6d2        0x2 
 .text.__i2b    0x0800f6d4       0x30 C:/Program Files/STM32CubeIDE_1.14.1/STM32CubeIDE/plugins/com.st.stm32cube.ide.mcu.externaltools.gnu-tools-for-stm32.13.3.rel1.win32_1.0.0.202411081344/tools/bin/../lib/gcc/arm-none-eabi/13.3.1/../../../../arm-none-eabi/lib/thumb/v6-m/nofp\libc_nano.a(libc_a-mprec.o)
                0x0800f6d4                __i2b
 .text.__multiply
                0x0800f704      0x154 C:/Program Files/STM32CubeIDE_1.14.1/STM32CubeIDE/plugins/com.st.stm32cube.ide.mcu.externaltools.gnu-tools-for-stm32.13.3.rel1.win32_1.0.0.202411081344/tools/bin/../lib/gcc/arm-none-eabi/13.3.1/../../../../arm-none-eabi/lib/thumb/v6-m/nofp\libc_nano.a(libc_a-mprec.o)
                0x0800f704                __multiply
 .text.__pow5mult
                0x0800f858       0xb8 C:/Program Files/STM32CubeIDE_1.14.1/STM32CubeIDE/plugins/com.st.stm32cube.ide.mcu.externaltools.gnu-tools-for-stm32.13.3.rel1.win32_1.0.0.202411081344/tools/bin/../lib/gcc/arm-none-eabi/13.3.1/../../../../arm-none-eabi/lib/thumb/v6-m/nofp\libc_nano.a(libc_a-mprec.o)
                0x0800f858                __pow5mult
 .text.__lshift
                0x0800f910       0xd8 C:/Program Files/STM32CubeIDE_1.14.1/STM32CubeIDE/plugins/com.st.stm32cube.ide.mcu.externaltools.gnu-tools-for-stm32.13.3.rel1.win32_1.0.0.202411081344/tools/bin/../lib/gcc/arm-none-eabi/13.3.1/../../../../arm-none-eabi/lib/thumb/v6-m/nofp\libc_nano.a(libc_a-mprec.o)
                0x0800f910                __lshift
 .text.__mcmp   0x0800f9e8       0x36 C:/Program Files/STM32CubeIDE_1.14.1/STM32CubeIDE/plugins/com.st.stm32cube.ide.mcu.externaltools.gnu-tools-for-stm32.13.3.rel1.win32_1.0.0.202411081344/tools/bin/../lib/gcc/arm-none-eabi/13.3.1/../../../../arm-none-eabi/lib/thumb/v6-m/nofp\libc_nano.a(libc_a-mprec.o)
                0x0800f9e8                __mcmp
 *fill*         0x0800fa1e        0x2 
 .text.__mdiff  0x0800fa20      0x134 C:/Program Files/STM32CubeIDE_1.14.1/STM32CubeIDE/plugins/com.st.stm32cube.ide.mcu.externaltools.gnu-tools-for-stm32.13.3.rel1.win32_1.0.0.202411081344/tools/bin/../lib/gcc/arm-none-eabi/13.3.1/../../../../arm-none-eabi/lib/thumb/v6-m/nofp\libc_nano.a(libc_a-mprec.o)
                0x0800fa20                __mdiff
 .text.__d2b    0x0800fb54       0xc0 C:/Program Files/STM32CubeIDE_1.14.1/STM32CubeIDE/plugins/com.st.stm32cube.ide.mcu.externaltools.gnu-tools-for-stm32.13.3.rel1.win32_1.0.0.202411081344/tools/bin/../lib/gcc/arm-none-eabi/13.3.1/../../../../arm-none-eabi/lib/thumb/v6-m/nofp\libc_nano.a(libc_a-mprec.o)
                0x0800fb54                __d2b
 .text.__sflush_r
                0x0800fc14      0x10c C:/Program Files/STM32CubeIDE_1.14.1/STM32CubeIDE/plugins/com.st.stm32cube.ide.mcu.externaltools.gnu-tools-for-stm32.13.3.rel1.win32_1.0.0.202411081344/tools/bin/../lib/gcc/arm-none-eabi/13.3.1/../../../../arm-none-eabi/lib/thumb/v6-m/nofp\libc_nano.a(libc_a-fflush.o)
                0x0800fc14                __sflush_r
 .text._fflush_r
                0x0800fd20       0x56 C:/Program Files/STM32CubeIDE_1.14.1/STM32CubeIDE/plugins/com.st.stm32cube.ide.mcu.externaltools.gnu-tools-for-stm32.13.3.rel1.win32_1.0.0.202411081344/tools/bin/../lib/gcc/arm-none-eabi/13.3.1/../../../../arm-none-eabi/lib/thumb/v6-m/nofp\libc_nano.a(libc_a-fflush.o)
                0x0800fd20                _fflush_r
 *fill*         0x0800fd76        0x2 
 .text._sbrk_r  0x0800fd78       0x24 C:/Program Files/STM32CubeIDE_1.14.1/STM32CubeIDE/plugins/com.st.stm32cube.ide.mcu.externaltools.gnu-tools-for-stm32.13.3.rel1.win32_1.0.0.202411081344/tools/bin/../lib/gcc/arm-none-eabi/13.3.1/../../../../arm-none-eabi/lib/thumb/v6-m/nofp\libc_nano.a(libc_a-sbrkr.o)
                0x0800fd78                _sbrk_r
 .text.memcpy   0x0800fd9c       0x12 C:/Program Files/STM32CubeIDE_1.14.1/STM32CubeIDE/plugins/com.st.stm32cube.ide.mcu.externaltools.gnu-tools-for-stm32.13.3.rel1.win32_1.0.0.202411081344/tools/bin/../lib/gcc/arm-none-eabi/13.3.1/../../../../arm-none-eabi/lib/thumb/v6-m/nofp\libc_nano.a(libc_a-memcpy-stub.o)
                0x0800fd9c                memcpy
 *fill*         0x0800fdae        0x2 
 .text.__assert_func
                0x0800fdb0       0x3c C:/Program Files/STM32CubeIDE_1.14.1/STM32CubeIDE/plugins/com.st.stm32cube.ide.mcu.externaltools.gnu-tools-for-stm32.13.3.rel1.win32_1.0.0.202411081344/tools/bin/../lib/gcc/arm-none-eabi/13.3.1/../../../../arm-none-eabi/lib/thumb/v6-m/nofp\libc_nano.a(libc_a-assert.o)
                0x0800fdb0                __assert_func
 .text._calloc_r
                0x0800fdec       0x5a C:/Program Files/STM32CubeIDE_1.14.1/STM32CubeIDE/plugins/com.st.stm32cube.ide.mcu.externaltools.gnu-tools-for-stm32.13.3.rel1.win32_1.0.0.202411081344/tools/bin/../lib/gcc/arm-none-eabi/13.3.1/../../../../arm-none-eabi/lib/thumb/v6-m/nofp\libc_nano.a(libc_a-callocr.o)
                0x0800fdec                _calloc_r
 .text.__ascii_mbtowc
                0x0800fe46       0x24 C:/Program Files/STM32CubeIDE_1.14.1/STM32CubeIDE/plugins/com.st.stm32cube.ide.mcu.externaltools.gnu-tools-for-stm32.13.3.rel1.win32_1.0.0.202411081344/tools/bin/../lib/gcc/arm-none-eabi/13.3.1/../../../../arm-none-eabi/lib/thumb/v6-m/nofp\libc_nano.a(libc_a-mbtowc_r.o)
                0x0800fe46                __ascii_mbtowc
 .text.__ascii_wctomb
                0x0800fe6a       0x1a C:/Program Files/STM32CubeIDE_1.14.1/STM32CubeIDE/plugins/com.st.stm32cube.ide.mcu.externaltools.gnu-tools-for-stm32.13.3.rel1.win32_1.0.0.202411081344/tools/bin/../lib/gcc/arm-none-eabi/13.3.1/../../../../arm-none-eabi/lib/thumb/v6-m/nofp\libc_nano.a(libc_a-wctomb_r.o)
                0x0800fe6a                __ascii_wctomb
 .text.fprintf  0x0800fe84       0x20 C:/Program Files/STM32CubeIDE_1.14.1/STM32CubeIDE/plugins/com.st.stm32cube.ide.mcu.externaltools.gnu-tools-for-stm32.13.3.rel1.win32_1.0.0.202411081344/tools/bin/../lib/gcc/arm-none-eabi/13.3.1/../../../../arm-none-eabi/lib/thumb/v6-m/nofp\libc_nano.a(libc_a-fprintf.o)
                0x0800fe84                fiprintf
                0x0800fe84                fprintf
 .text.abort    0x0800fea4        0xe C:/Program Files/STM32CubeIDE_1.14.1/STM32CubeIDE/plugins/com.st.stm32cube.ide.mcu.externaltools.gnu-tools-for-stm32.13.3.rel1.win32_1.0.0.202411081344/tools/bin/../lib/gcc/arm-none-eabi/13.3.1/../../../../arm-none-eabi/lib/thumb/v6-m/nofp\libc_nano.a(libc_a-abort.o)
                0x0800fea4                abort
 .text.__sfputc_r
                0x0800feb2       0x2a C:/Program Files/STM32CubeIDE_1.14.1/STM32CubeIDE/plugins/com.st.stm32cube.ide.mcu.externaltools.gnu-tools-for-stm32.13.3.rel1.win32_1.0.0.202411081344/tools/bin/../lib/gcc/arm-none-eabi/13.3.1/../../../../arm-none-eabi/lib/thumb/v6-m/nofp\libc_nano.a(libc_a-nano-vfprintf.o)
 .text.__sfputs_r
                0x0800fedc       0x24 C:/Program Files/STM32CubeIDE_1.14.1/STM32CubeIDE/plugins/com.st.stm32cube.ide.mcu.externaltools.gnu-tools-for-stm32.13.3.rel1.win32_1.0.0.202411081344/tools/bin/../lib/gcc/arm-none-eabi/13.3.1/../../../../arm-none-eabi/lib/thumb/v6-m/nofp\libc_nano.a(libc_a-nano-vfprintf.o)
                0x0800fedc                __sfputs_r
 .text._vfprintf_r
                0x0800ff00      0x238 C:/Program Files/STM32CubeIDE_1.14.1/STM32CubeIDE/plugins/com.st.stm32cube.ide.mcu.externaltools.gnu-tools-for-stm32.13.3.rel1.win32_1.0.0.202411081344/tools/bin/../lib/gcc/arm-none-eabi/13.3.1/../../../../arm-none-eabi/lib/thumb/v6-m/nofp\libc_nano.a(libc_a-nano-vfprintf.o)
                0x0800ff00                _vfprintf_r
                0x0800ff00                _vfiprintf_r
 .text.__swbuf_r
                0x08010138       0x84 C:/Program Files/STM32CubeIDE_1.14.1/STM32CubeIDE/plugins/com.st.stm32cube.ide.mcu.externaltools.gnu-tools-for-stm32.13.3.rel1.win32_1.0.0.202411081344/tools/bin/../lib/gcc/arm-none-eabi/13.3.1/../../../../arm-none-eabi/lib/thumb/v6-m/nofp\libc_nano.a(libc_a-wbuf.o)
                0x08010138                __swbuf_r
 .text.__swsetup_r
                0x080101bc       0xbc C:/Program Files/STM32CubeIDE_1.14.1/STM32CubeIDE/plugins/com.st.stm32cube.ide.mcu.externaltools.gnu-tools-for-stm32.13.3.rel1.win32_1.0.0.202411081344/tools/bin/../lib/gcc/arm-none-eabi/13.3.1/../../../../arm-none-eabi/lib/thumb/v6-m/nofp\libc_nano.a(libc_a-wsetup.o)
                0x080101bc                __swsetup_r
 .text._raise_r
                0x08010278       0x52 C:/Program Files/STM32CubeIDE_1.14.1/STM32CubeIDE/plugins/com.st.stm32cube.ide.mcu.externaltools.gnu-tools-for-stm32.13.3.rel1.win32_1.0.0.202411081344/tools/bin/../lib/gcc/arm-none-eabi/13.3.1/../../../../arm-none-eabi/lib/thumb/v6-m/nofp\libc_nano.a(libc_a-signal.o)
                0x08010278                _raise_r
 *fill*         0x080102ca        0x2 
 .text.raise    0x080102cc       0x14 C:/Program Files/STM32CubeIDE_1.14.1/STM32CubeIDE/plugins/com.st.stm32cube.ide.mcu.externaltools.gnu-tools-for-stm32.13.3.rel1.win32_1.0.0.202411081344/tools/bin/../lib/gcc/arm-none-eabi/13.3.1/../../../../arm-none-eabi/lib/thumb/v6-m/nofp\libc_nano.a(libc_a-signal.o)
                0x080102cc                raise
 .text._kill_r  0x080102e0       0x24 C:/Program Files/STM32CubeIDE_1.14.1/STM32CubeIDE/plugins/com.st.stm32cube.ide.mcu.externaltools.gnu-tools-for-stm32.13.3.rel1.win32_1.0.0.202411081344/tools/bin/../lib/gcc/arm-none-eabi/13.3.1/../../../../arm-none-eabi/lib/thumb/v6-m/nofp\libc_nano.a(libc_a-signalr.o)
                0x080102e0                _kill_r
 .text._getpid_r
                0x08010304        0x8 C:/Program Files/STM32CubeIDE_1.14.1/STM32CubeIDE/plugins/com.st.stm32cube.ide.mcu.externaltools.gnu-tools-for-stm32.13.3.rel1.win32_1.0.0.202411081344/tools/bin/../lib/gcc/arm-none-eabi/13.3.1/../../../../arm-none-eabi/lib/thumb/v6-m/nofp\libc_nano.a(libc_a-signalr.o)
                0x08010304                _getpid_r
 .text.__swhatbuf_r
                0x0801030c       0x54 C:/Program Files/STM32CubeIDE_1.14.1/STM32CubeIDE/plugins/com.st.stm32cube.ide.mcu.externaltools.gnu-tools-for-stm32.13.3.rel1.win32_1.0.0.202411081344/tools/bin/../lib/gcc/arm-none-eabi/13.3.1/../../../../arm-none-eabi/lib/thumb/v6-m/nofp\libc_nano.a(libc_a-makebuf.o)
                0x0801030c                __swhatbuf_r
 .text.__smakebuf_r
                0x08010360       0x82 C:/Program Files/STM32CubeIDE_1.14.1/STM32CubeIDE/plugins/com.st.stm32cube.ide.mcu.externaltools.gnu-tools-for-stm32.13.3.rel1.win32_1.0.0.202411081344/tools/bin/../lib/gcc/arm-none-eabi/13.3.1/../../../../arm-none-eabi/lib/thumb/v6-m/nofp\libc_nano.a(libc_a-makebuf.o)
                0x08010360                __smakebuf_r
 *fill*         0x080103e2        0x2 
 .text._fstat_r
                0x080103e4       0x24 C:/Program Files/STM32CubeIDE_1.14.1/STM32CubeIDE/plugins/com.st.stm32cube.ide.mcu.externaltools.gnu-tools-for-stm32.13.3.rel1.win32_1.0.0.202411081344/tools/bin/../lib/gcc/arm-none-eabi/13.3.1/../../../../arm-none-eabi/lib/thumb/v6-m/nofp\libc_nano.a(libc_a-fstatr.o)
                0x080103e4                _fstat_r
 .text._isatty_r
                0x08010408       0x24 C:/Program Files/STM32CubeIDE_1.14.1/STM32CubeIDE/plugins/com.st.stm32cube.ide.mcu.externaltools.gnu-tools-for-stm32.13.3.rel1.win32_1.0.0.202411081344/tools/bin/../lib/gcc/arm-none-eabi/13.3.1/../../../../arm-none-eabi/lib/thumb/v6-m/nofp\libc_nano.a(libc_a-isattyr.o)
                0x08010408                _isatty_r
 *(.glue_7)
 .glue_7        0x0801042c        0x0 linker stubs
 *(.glue_7t)
 .glue_7t       0x0801042c        0x0 linker stubs
 *(.eh_frame)
 .eh_frame      0x0801042c        0x0 C:/Program Files/STM32CubeIDE_1.14.1/STM32CubeIDE/plugins/com.st.stm32cube.ide.mcu.externaltools.gnu-tools-for-stm32.13.3.rel1.win32_1.0.0.202411081344/tools/bin/../lib/gcc/arm-none-eabi/13.3.1/thumb/v6-m/nofp/crtbegin.o
 *(.init)
 .init          0x0801042c        0x4 C:/Program Files/STM32CubeIDE_1.14.1/STM32CubeIDE/plugins/com.st.stm32cube.ide.mcu.externaltools.gnu-tools-for-stm32.13.3.rel1.win32_1.0.0.202411081344/tools/bin/../lib/gcc/arm-none-eabi/13.3.1/thumb/v6-m/nofp/crti.o
                0x0801042c                _init
 .init          0x08010430        0x8 C:/Program Files/STM32CubeIDE_1.14.1/STM32CubeIDE/plugins/com.st.stm32cube.ide.mcu.externaltools.gnu-tools-for-stm32.13.3.rel1.win32_1.0.0.202411081344/tools/bin/../lib/gcc/arm-none-eabi/13.3.1/thumb/v6-m/nofp/crtn.o
 *(.fini)
 .fini          0x08010438        0x4 C:/Program Files/STM32CubeIDE_1.14.1/STM32CubeIDE/plugins/com.st.stm32cube.ide.mcu.externaltools.gnu-tools-for-stm32.13.3.rel1.win32_1.0.0.202411081344/tools/bin/../lib/gcc/arm-none-eabi/13.3.1/thumb/v6-m/nofp/crti.o
                0x08010438                _fini
 .fini          0x0801043c        0x8 C:/Program Files/STM32CubeIDE_1.14.1/STM32CubeIDE/plugins/com.st.stm32cube.ide.mcu.externaltools.gnu-tools-for-stm32.13.3.rel1.win32_1.0.0.202411081344/tools/bin/../lib/gcc/arm-none-eabi/13.3.1/thumb/v6-m/nofp/crtn.o
                0x08010444                        . = ALIGN (0x4)
                0x08010444                        _etext = .

.vfp11_veneer   0x08010444        0x0
 .vfp11_veneer  0x08010444        0x0 linker stubs

.v4_bx          0x08010444        0x0
 .v4_bx         0x08010444        0x0 linker stubs

.iplt           0x08010444        0x0
 .iplt          0x08010444        0x0 C:/Program Files/STM32CubeIDE_1.14.1/STM32CubeIDE/plugins/com.st.stm32cube.ide.mcu.externaltools.gnu-tools-for-stm32.13.3.rel1.win32_1.0.0.202411081344/tools/bin/../lib/gcc/arm-none-eabi/13.3.1/thumb/v6-m/nofp/crtbegin.o

.rodata         0x08010448      0xdbc
                0x08010448                        . = ALIGN (0x4)
 *(.rodata)
 .rodata        0x08010448       0x1b ./Core/Src/main.o
 *fill*         0x08010463        0x1 
 .rodata        0x08010464       0x5d ./USB_DEVICE/App/usbd_desc.o
 *fill*         0x080104c1        0x3 
 .rodata        0x080104c4        0x7 ./stm32f0perif/Src/uart.o
 *fill*         0x080104cb        0x1 
 .rodata        0x080104cc       0x40 C:/Program Files/STM32CubeIDE_1.14.1/STM32CubeIDE/plugins/com.st.stm32cube.ide.mcu.externaltools.gnu-tools-for-stm32.13.3.rel1.win32_1.0.0.202411081344/tools/bin/../lib/gcc/arm-none-eabi/13.3.1/thumb/v6-m/nofp\libgcc.a(divdf3.o)
 *(.rodata*)
 .rodata.FreeMono12pt7bBitmaps
                0x0801050c      0x5b4 ./Core/Src/main.o
                0x0801050c                FreeMono12pt7bBitmaps
 .rodata.FreeMono12pt7bGlyphs
                0x08010ac0      0x2f8 ./Core/Src/main.o
                0x08010ac0                FreeMono12pt7bGlyphs
 .rodata.FreeMono12pt7b
                0x08010db8       0x10 ./Core/Src/main.o
                0x08010db8                FreeMono12pt7b
 .rodata.AHBPrescTable
                0x08010dc8       0x10 ./Core/Src/system_stm32f0xx.o
                0x08010dc8                AHBPrescTable
 .rodata.APBPrescTable
                0x08010dd8        0x8 ./Core/Src/system_stm32f0xx.o
                0x08010dd8                APBPrescTable
 .rodata.aPLLMULFactorTable.1
                0x08010de0       0x10 ./Drivers/STM32F0xx_HAL_Driver/Src/stm32f0xx_hal_rcc.o
 .rodata.aPredivFactorTable.0
                0x08010df0       0x10 ./Drivers/STM32F0xx_HAL_Driver/Src/stm32f0xx_hal_rcc.o
 .rodata.USBD_CUSTOM_HID_Setup
                0x08010e00       0x30 ./Middlewares/ST/STM32_USB_Device_Library/Class/CustomHID/Src/usbd_customhid.o
 .rodata.USBD_StdDevReq
                0x08010e30       0x28 ./Middlewares/ST/STM32_USB_Device_Library/Core/Src/usbd_ctlreq.o
 .rodata.USBD_GetDescriptor
                0x08010e58       0x38 ./Middlewares/ST/STM32_USB_Device_Library/Core/Src/usbd_ctlreq.o
 .rodata._printf_float.str1.1
                0x08010e90      0x171 C:/Program Files/STM32CubeIDE_1.14.1/STM32CubeIDE/plugins/com.st.stm32cube.ide.mcu.externaltools.gnu-tools-for-stm32.13.3.rel1.win32_1.0.0.202411081344/tools/bin/../lib/gcc/arm-none-eabi/13.3.1/../../../../arm-none-eabi/lib/thumb/v6-m/nofp\libc_nano.a(libc_a-nano-vfprintf_float.o)
                                 0x12 (size before relaxing)
 .rodata._printf_i.str1.1
                0x08011001       0x22 C:/Program Files/STM32CubeIDE_1.14.1/STM32CubeIDE/plugins/com.st.stm32cube.ide.mcu.externaltools.gnu-tools-for-stm32.13.3.rel1.win32_1.0.0.202411081344/tools/bin/../lib/gcc/arm-none-eabi/13.3.1/../../../../arm-none-eabi/lib/thumb/v6-m/nofp\libc_nano.a(libc_a-nano-vfprintf_i.o)
 .rodata._dtoa_r.str1.1
                0x08011001       0x8f C:/Program Files/STM32CubeIDE_1.14.1/STM32CubeIDE/plugins/com.st.stm32cube.ide.mcu.externaltools.gnu-tools-for-stm32.13.3.rel1.win32_1.0.0.202411081344/tools/bin/../lib/gcc/arm-none-eabi/13.3.1/../../../../arm-none-eabi/lib/thumb/v6-m/nofp\libc_nano.a(libc_a-dtoa.o)
 .rodata._Balloc.str1.1
                0x08011001       0x70 C:/Program Files/STM32CubeIDE_1.14.1/STM32CubeIDE/plugins/com.st.stm32cube.ide.mcu.externaltools.gnu-tools-for-stm32.13.3.rel1.win32_1.0.0.202411081344/tools/bin/../lib/gcc/arm-none-eabi/13.3.1/../../../../arm-none-eabi/lib/thumb/v6-m/nofp\libc_nano.a(libc_a-mprec.o)
 .rodata.__multadd.str1.1
                0x08011001       0x11 C:/Program Files/STM32CubeIDE_1.14.1/STM32CubeIDE/plugins/com.st.stm32cube.ide.mcu.externaltools.gnu-tools-for-stm32.13.3.rel1.win32_1.0.0.202411081344/tools/bin/../lib/gcc/arm-none-eabi/13.3.1/../../../../arm-none-eabi/lib/thumb/v6-m/nofp\libc_nano.a(libc_a-mprec.o)
 *fill*         0x08011001        0x3 
 .rodata.p05.0  0x08011004        0xc C:/Program Files/STM32CubeIDE_1.14.1/STM32CubeIDE/plugins/com.st.stm32cube.ide.mcu.externaltools.gnu-tools-for-stm32.13.3.rel1.win32_1.0.0.202411081344/tools/bin/../lib/gcc/arm-none-eabi/13.3.1/../../../../arm-none-eabi/lib/thumb/v6-m/nofp\libc_nano.a(libc_a-mprec.o)
 .rodata.__mprec_bigtens
                0x08011010       0x28 C:/Program Files/STM32CubeIDE_1.14.1/STM32CubeIDE/plugins/com.st.stm32cube.ide.mcu.externaltools.gnu-tools-for-stm32.13.3.rel1.win32_1.0.0.202411081344/tools/bin/../lib/gcc/arm-none-eabi/13.3.1/../../../../arm-none-eabi/lib/thumb/v6-m/nofp\libc_nano.a(libc_a-mprec.o)
                0x08011010                __mprec_bigtens
 .rodata.__mprec_tens
                0x08011038       0xc8 C:/Program Files/STM32CubeIDE_1.14.1/STM32CubeIDE/plugins/com.st.stm32cube.ide.mcu.externaltools.gnu-tools-for-stm32.13.3.rel1.win32_1.0.0.202411081344/tools/bin/../lib/gcc/arm-none-eabi/13.3.1/../../../../arm-none-eabi/lib/thumb/v6-m/nofp\libc_nano.a(libc_a-mprec.o)
                0x08011038                __mprec_tens
 .rodata._setlocale_r.str1.1
                0x08011100        0x9 C:/Program Files/STM32CubeIDE_1.14.1/STM32CubeIDE/plugins/com.st.stm32cube.ide.mcu.externaltools.gnu-tools-for-stm32.13.3.rel1.win32_1.0.0.202411081344/tools/bin/../lib/gcc/arm-none-eabi/13.3.1/../../../../arm-none-eabi/lib/thumb/v6-m/nofp\libc_nano.a(libc_a-locale.o)
 .rodata.str1.1
                0x08011100        0x2 C:/Program Files/STM32CubeIDE_1.14.1/STM32CubeIDE/plugins/com.st.stm32cube.ide.mcu.externaltools.gnu-tools-for-stm32.13.3.rel1.win32_1.0.0.202411081344/tools/bin/../lib/gcc/arm-none-eabi/13.3.1/../../../../arm-none-eabi/lib/thumb/v6-m/nofp\libc_nano.a(libc_a-locale.o)
 .rodata.__assert_func.str1.1
                0x08011100       0x3d C:/Program Files/STM32CubeIDE_1.14.1/STM32CubeIDE/plugins/com.st.stm32cube.ide.mcu.externaltools.gnu-tools-for-stm32.13.3.rel1.win32_1.0.0.202411081344/tools/bin/../lib/gcc/arm-none-eabi/13.3.1/../../../../arm-none-eabi/lib/thumb/v6-m/nofp\libc_nano.a(libc_a-assert.o)
 .rodata._ctype_
                0x08011100      0x101 C:/Program Files/STM32CubeIDE_1.14.1/STM32CubeIDE/plugins/com.st.stm32cube.ide.mcu.externaltools.gnu-tools-for-stm32.13.3.rel1.win32_1.0.0.202411081344/tools/bin/../lib/gcc/arm-none-eabi/13.3.1/../../../../arm-none-eabi/lib/thumb/v6-m/nofp\libc_nano.a(libc_a-ctype_.o)
                0x08011100                _ctype_
 .rodata._vfprintf_r.str1.1
                0x08011201       0x11 C:/Program Files/STM32CubeIDE_1.14.1/STM32CubeIDE/plugins/com.st.stm32cube.ide.mcu.externaltools.gnu-tools-for-stm32.13.3.rel1.win32_1.0.0.202411081344/tools/bin/../lib/gcc/arm-none-eabi/13.3.1/../../../../arm-none-eabi/lib/thumb/v6-m/nofp\libc_nano.a(libc_a-nano-vfprintf.o)
                0x08011214                        . = ALIGN (0x4)
 *fill*         0x08011201        0x3 

.ARM.extab      0x08011204        0x0
                0x08011204                        . = ALIGN (0x4)
 *(.ARM.extab* .gnu.linkonce.armextab.*)
                0x08011204                        . = ALIGN (0x4)

.ARM            0x08011204        0x0
                0x08011204                        . = ALIGN (0x4)
                0x08011204                        __exidx_start = .
 *(.ARM.exidx*)
                0x08011204                        __exidx_end = .
                0x08011204                        . = ALIGN (0x4)

.preinit_array  0x08011204        0x0
                0x08011204                        . = ALIGN (0x4)
                0x08011204                        PROVIDE (__preinit_array_start = .)
 *(.preinit_array*)
                0x08011204                        PROVIDE (__preinit_array_end = .)
                0x08011204                        . = ALIGN (0x4)

.init_array     0x08011204        0x4
                0x08011204                        . = ALIGN (0x4)
                0x08011204                        PROVIDE (__init_array_start = .)
 *(SORT_BY_NAME(.init_array.*))
 *(.init_array*)
 .init_array    0x08011204        0x4 C:/Program Files/STM32CubeIDE_1.14.1/STM32CubeIDE/plugins/com.st.stm32cube.ide.mcu.externaltools.gnu-tools-for-stm32.13.3.rel1.win32_1.0.0.202411081344/tools/bin/../lib/gcc/arm-none-eabi/13.3.1/thumb/v6-m/nofp/crtbegin.o
                0x08011208                        PROVIDE (__init_array_end = .)
                0x08011208                        . = ALIGN (0x4)

.fini_array     0x08011208        0x4
                0x08011208                        . = ALIGN (0x4)
                [!provide]                        PROVIDE (__fini_array_start = .)
 *(SORT_BY_NAME(.fini_array.*))
 *(.fini_array*)
 .fini_array    0x08011208        0x4 C:/Program Files/STM32CubeIDE_1.14.1/STM32CubeIDE/plugins/com.st.stm32cube.ide.mcu.externaltools.gnu-tools-for-stm32.13.3.rel1.win32_1.0.0.202411081344/tools/bin/../lib/gcc/arm-none-eabi/13.3.1/thumb/v6-m/nofp/crtbegin.o
                [!provide]                        PROVIDE (__fini_array_end = .)
                0x0801120c                        . = ALIGN (0x4)
                0x0801120c                        _sidata = LOADADDR (.data)

.rel.dyn        0x0801120c        0x0
 .rel.iplt      0x0801120c        0x0 C:/Program Files/STM32CubeIDE_1.14.1/STM32CubeIDE/plugins/com.st.stm32cube.ide.mcu.externaltools.gnu-tools-for-stm32.13.3.rel1.win32_1.0.0.202411081344/tools/bin/../lib/gcc/arm-none-eabi/13.3.1/thumb/v6-m/nofp/crtbegin.o

.data           0x20000000      0x35c load address 0x0801120c
                0x20000000                        . = ALIGN (0x4)
                0x20000000                        _sdata = .
 *(.data)
 *(.data*)
 .data.SystemCoreClock
                0x20000000        0x4 ./Core/Src/system_stm32f0xx.o
                0x20000000                SystemCoreClock
 .data.uwTickPrio
                0x20000004        0x4 ./Drivers/STM32F0xx_HAL_Driver/Src/stm32f0xx_hal.o
                0x20000004                uwTickPrio
 .data.uwTickFreq
                0x20000008        0x1 ./Drivers/STM32F0xx_HAL_Driver/Src/stm32f0xx_hal.o
                0x20000008                uwTickFreq
 *fill*         0x20000009        0x3 
 .data.USBD_CUSTOM_HID
                0x2000000c       0x38 ./Middlewares/ST/STM32_USB_Device_Library/Class/CustomHID/Src/usbd_customhid.o
                0x2000000c                USBD_CUSTOM_HID
 .data.USBD_CUSTOM_HID_CfgFSDesc
                0x20000044       0x29 ./Middlewares/ST/STM32_USB_Device_Library/Class/CustomHID/Src/usbd_customhid.o
 *fill*         0x2000006d        0x3 
 .data.USBD_CUSTOM_HID_CfgHSDesc
                0x20000070       0x29 ./Middlewares/ST/STM32_USB_Device_Library/Class/CustomHID/Src/usbd_customhid.o
 *fill*         0x20000099        0x3 
 .data.USBD_CUSTOM_HID_OtherSpeedCfgDesc
                0x2000009c       0x29 ./Middlewares/ST/STM32_USB_Device_Library/Class/CustomHID/Src/usbd_customhid.o
 *fill*         0x200000c5        0x3 