../Core/Src/main.c:101:6:HAL_SPI_TxCpltCallback	16	static
../Core/Src/main.c:113:5:main	8232	static
../Core/Src/main.c:269:6:SystemClock_Config	112	static
../Core/Src/main.c:322:13:MX_ADC_Init	24	static
../Core/Src/main.c:400:13:MX_RTC_Init	32	static
../Core/Src/main.c:463:13:MX_SPI2_Init	8	static
../Core/Src/main.c:503:13:MX_TIM1_Init	64	static
../Core/Src/main.c:553:13:MX_TIM3_Init	64	static
../Core/Src/main.c:602:13:MX_USART4_UART_Init	8	static
../Core/Src/main.c:635:13:MX_DMA_Init	16	static
../Core/Src/main.c:656:13:MX_GPIO_Init	48	static
../Core/Src/main.c:707:6:HAL_ADC_ConvCpltCallback	16	static
../Core/Src/main.c:719:6:Error_Handler	8	static,ignoring_inline_asm
