../Core/Src/main.c:101:6:HAL_SPI_TxCpltCallback	16	static
../Core/Src/main.c:113:5:main	8216	static
../Core/Src/main.c:255:6:SystemClock_Config	112	static
../Core/Src/main.c:308:13:MX_ADC_Init	24	static
../Core/Src/main.c:386:13:MX_RTC_Init	32	static
../Core/Src/main.c:449:13:MX_SPI2_Init	8	static
../Core/Src/main.c:489:13:MX_TIM1_Init	64	static
../Core/Src/main.c:539:13:MX_TIM3_Init	64	static
../Core/Src/main.c:588:13:MX_USART4_UART_Init	8	static
../Core/Src/main.c:621:13:MX_DMA_Init	16	static
../Core/Src/main.c:642:13:MX_GPIO_Init	48	static
../Core/Src/main.c:693:6:HAL_ADC_ConvCpltCallback	16	static
../Core/Src/main.c:705:6:Error_Handler	8	static,ignoring_inline_asm
